// Jest Snapshot v1, https://goo.gl/fbAQLP

exports[`parameters FORM_CHANGE should update data 1`] = `
Object {
  "changeMe": "new",
  "type": "FORM_CHANGE",
}
`;

exports[`parameters should have initial state 1`] = `
Object {
  "cut": 10,
  "employerFee": Object {
    "include": true,
    "rate": 14.1,
  },
  "ensuringFee": 15000,
  "graph": Object {
    "increments": 10000,
  },
  "hourRate": 1100,
  "hoursPerYear": 1730,
  "locale": "nb",
  "pension": Object {
    "include": true,
    "step1": Object {
      "rate": 2,
      "threshold": Object {
        "high": 791486,
        "low": 111477,
      },
    },
    "step2": Object {
      "rate": 2,
      "threshold": Object {
        "high": 1337724,
        "low": 791486,
      },
    },
  },
  "surplus": Object {
    "amount": 0,
    "include": true,
    "sevenG": true,
  },
  "vacationSavings": Object {
    "include": true,
    "rate": 12,
  },
}
`;
