// Jest Snapshot v1, https://goo.gl/fbAQLP

exports[`SurplusGraph should render 1`] = `
<Section
  header="Income vs. surplus"
>
  <HighchartsProvider
    Highcharts={Object {}}
  >
    <HighchartsChart>
      <Chart />
      <Title>
        Income vs. surplus
      </Title>
      <Legend />
      <Title>
        Surplus
      </Title>
      <ScatterSeries
        data={
          Array [
            Array [
              600000,
              855529,
            ],
          ]
        }
        name="7.1 Gross income"
      />
      <ScatterSeries
        data={
          Array [
            Array [
              900000,
              915516,
            ],
          ]
        }
        name="Max total"
      />
      <Title>
        NOK
      </Title>
      <LineSeries
        data={
          Array [
            Array [
              0,
              1315701,
            ],
            Array [
              100000,
              1238965,
            ],
            Array [
              200000,
              1162277,
            ],
            Array [
              300000,
              1085590,
            ],
            Array [
              400000,
              1008903,
            ],
            Array [
              500000,
              932216,
            ],
            Array [
              600000,
              855529,
            ],
            Array [
              700000,
              778841,
            ],
            Array [
              800000,
              702155,
            ],
            Array [
              900000,
              625467,
            ],
            Array [
              1000000,
              548780,
            ],
            Array [
              1100000,
              472093,
            ],
            Array [
              1200000,
              395406,
            ],
            Array [
              1300000,
              318719,
            ],
            Array [
              1400000,
              242031,
            ],
            Array [
              1500000,
              165344,
            ],
            Array [
              1600000,
              88192,
            ],
          ]
        }
        name="Gross income"
      />
      <LineSeries
        data={
          Array [
            Array [
              0,
              842620,
            ],
            Array [
              100000,
              801490,
            ],
            Array [
              200000,
              760386,
            ],
            Array [
              300000,
              719282,
            ],
            Array [
              400000,
              678177,
            ],
            Array [
              500000,
              635963,
            ],
            Array [
              600000,
              592558,
            ],
            Array [
              700000,
              549152,
            ],
            Array [
              800000,
              505748,
            ],
            Array [
              900000,
              460620,
            ],
            Array [
              1000000,
              410006,
            ],
            Array [
              1100000,
              359393,
            ],
            Array [
              1200000,
              308779,
            ],
            Array [
              1300000,
              258166,
            ],
            Array [
              1400000,
              206957,
            ],
            Array [
              1500000,
              146698,
            ],
            Array [
              1600000,
              84883,
            ],
          ]
        }
        name="Net income"
        visible={false}
      />
      <LineSeries
        data={
          Array [
            Array [
              0,
              0,
            ],
            Array [
              100000,
              100000,
            ],
            Array [
              200000,
              200000,
            ],
            Array [
              300000,
              300000,
            ],
            Array [
              400000,
              400000,
            ],
            Array [
              500000,
              500000,
            ],
            Array [
              600000,
              600000,
            ],
            Array [
              700000,
              700000,
            ],
            Array [
              800000,
              800000,
            ],
            Array [
              900000,
              900000,
            ],
            Array [
              1000000,
              1000000,
            ],
            Array [
              1100000,
              1100000,
            ],
            Array [
              1200000,
              1200000,
            ],
            Array [
              1300000,
              1300000,
            ],
            Array [
              1400000,
              1400000,
            ],
            Array [
              1500000,
              1500000,
            ],
            Array [
              1600000,
              1600000,
            ],
          ]
        }
        name="Surplus"
        visible={false}
      />
      <LineSeries
        data={
          Array [
            Array [
              0,
              0,
            ],
            Array [
              100000,
              50544,
            ],
            Array [
              200000,
              101088,
            ],
            Array [
              300000,
              151632,
            ],
            Array [
              400000,
              202176,
            ],
            Array [
              500000,
              252720,
            ],
            Array [
              600000,
              303264,
            ],
            Array [
              700000,
              353808,
            ],
            Array [
              800000,
              404352,
            ],
            Array [
              900000,
              454896,
            ],
            Array [
              1000000,
              505440,
            ],
            Array [
              1100000,
              555984,
            ],
            Array [
              1200000,
              606528,
            ],
            Array [
              1300000,
              657072,
            ],
            Array [
              1400000,
              707616,
            ],
            Array [
              1500000,
              758160,
            ],
            Array [
              1600000,
              808704,
            ],
          ]
        }
        name="Dividends"
        onClick={[Function]}
      />
      <LineSeries
        data={
          Array [
            Array [
              0,
              842620,
            ],
            Array [
              100000,
              852034,
            ],
            Array [
              200000,
              861474,
            ],
            Array [
              300000,
              870914,
            ],
            Array [
              400000,
              880353,
            ],
            Array [
              500000,
              888683,
            ],
            Array [
              600000,
              895822,
            ],
            Array [
              700000,
              902960,
            ],
            Array [
              800000,
              910100,
            ],
            Array [
              900000,
              915516,
            ],
            Array [
              1000000,
              915446,
            ],
            Array [
              1100000,
              915377,
            ],
            Array [
              1200000,
              915307,
            ],
            Array [
              1300000,
              915238,
            ],
            Array [
              1400000,
              914573,
            ],
            Array [
              1500000,
              904858,
            ],
            Array [
              1600000,
              893587,
            ],
          ]
        }
        name="Total"
      />
      <Tooltip
        shared={true}
        valueSuffix="NOK"
      />
      <Credits
        enabled={false}
      />
    </HighchartsChart>
  </HighchartsProvider>
</Section>
`;
