// Jest Snapshot v1, https://goo.gl/fbAQLP

exports[`PersonalDetailsComponent should not display when loading 1`] = `
<div>
  <Loading />
</div>
`;

exports[`PersonalDetailsComponent should render 1`] = `
<div>
  <Section
    header="My Name - Junior POTUS"
  >
    <Grid
      value={2}
    >
      <Gravatar
        email="fredrik.oterholt@technologic.as"
        size={250}
      />
    </Grid>
    <Grid
      value={10}
    >
      <Phone
        value="48043932"
      />
      <Nationality
        value="Norsk"
      />
      <Residency
        value="Oslo"
      />
      <Email
        value="fredrik.oterholt@technologic.as"
      />
    </Grid>
  </Section>
</div>
`;
