// Jest Snapshot v1, https://goo.gl/fbAQLP

exports[`calculations should have initial state 1`] = `
Object {
  "salary": Object {
    "companyIncome": 1712700,
    "employerFee": 211648,
    "income": 1318912,
    "pension": 21313,
    "theCut": 190300,
    "turnover": 1903000,
    "vacationSavings": 160827,
    "withoutEmployerFee": 1501052,
    "withoutPension": 1318912,
    "withoutVacationSavings": 1340225,
  },
  "tax": Object {
    "afterTax": 774714,
    "commonIncome": 1221302,
    "income": 1318912,
    "incomeTax": 280899,
    "minimumDeduction": 97610,
    "socialSecurityDeduction": 150356,
    "step1": 965,
    "step2": 11885,
    "step3": 45136,
    "step4": 54957,
    "totalTax": 544198,
  },
}
`;
