// Jest Snapshot v1, https://goo.gl/fbAQLP

exports[`reducers should have default values that match snapshot 1`] = `
Object {
  "calculations": Object {
    "afterTotal": 834690,
    "dividends": Object {
      "afterDividendsTax": 0,
      "dividends": 0,
      "dividendsTax": 0,
      "surplus": 0,
      "surplusTax": 0,
      "upwardsAdjustment": 0,
    },
    "salary": Object {
      "companyIncome": 1712700,
      "employerFee": 211648,
      "income": 1318257,
      "pension": 21968,
      "surplus": 0,
      "theCut": 190300,
      "totalCuts": 584743,
      "turnover": 1903000,
      "vacationSavings": 160827,
      "withoutEmployerFee": 1501052,
      "withoutPension": 1318257,
      "withoutSurplus": 1712700,
      "withoutVacationSavings": 1340225,
    },
    "tax": Object {
      "afterTax": 834690,
      "commonIncome": 1160907,
      "income": 1318257,
      "incomeTax": 255399,
      "minimumDeduction": 100800,
      "personalAllowance": 56550,
      "socialSecurityDeduction": 108097,
      "step1": 1351,
      "step2": 15617,
      "step3": 45843,
      "step4": 57260,
      "totalTax": 483567,
    },
  },
  "form": Object {},
  "graph": Object {
    "dividends": Array [
      Array [
        0,
        0,
      ],
      Array [
        10000,
        5329,
      ],
      Array [
        20000,
        10658,
      ],
      Array [
        30000,
        15987,
      ],
      Array [
        40000,
        21316,
      ],
      Array [
        50000,
        26645,
      ],
      Array [
        60000,
        31974,
      ],
      Array [
        70000,
        37303,
      ],
      Array [
        80000,
        42632,
      ],
      Array [
        90000,
        47961,
      ],
      Array [
        100000,
        53290,
      ],
      Array [
        110000,
        58619,
      ],
      Array [
        120000,
        63948,
      ],
      Array [
        130000,
        69277,
      ],
      Array [
        140000,
        74606,
      ],
      Array [
        150000,
        79935,
      ],
      Array [
        160000,
        85264,
      ],
      Array [
        170000,
        90593,
      ],
      Array [
        180000,
        95922,
      ],
      Array [
        190000,
        101251,
      ],
      Array [
        200000,
        106580,
      ],
      Array [
        210000,
        111909,
      ],
      Array [
        220000,
        117238,
      ],
      Array [
        230000,
        122567,
      ],
      Array [
        240000,
        127896,
      ],
      Array [
        250000,
        133224,
      ],
      Array [
        260000,
        138553,
      ],
      Array [
        270000,
        143882,
      ],
      Array [
        280000,
        149211,
      ],
      Array [
        290000,
        154540,
      ],
      Array [
        300000,
        159869,
      ],
      Array [
        310000,
        165198,
      ],
      Array [
        320000,
        170527,
      ],
      Array [
        330000,
        175856,
      ],
      Array [
        340000,
        181185,
      ],
      Array [
        350000,
        186514,
      ],
      Array [
        360000,
        191843,
      ],
      Array [
        370000,
        197172,
      ],
      Array [
        380000,
        202501,
      ],
      Array [
        390000,
        207830,
      ],
      Array [
        400000,
        213159,
      ],
      Array [
        410000,
        218488,
      ],
      Array [
        420000,
        223817,
      ],
      Array [
        430000,
        229146,
      ],
      Array [
        440000,
        234475,
      ],
      Array [
        450000,
        239804,
      ],
      Array [
        460000,
        245133,
      ],
      Array [
        470000,
        250462,
      ],
      Array [
        480000,
        255791,
      ],
      Array [
        490000,
        261120,
      ],
      Array [
        500000,
        266448,
      ],
      Array [
        510000,
        271777,
      ],
      Array [
        520000,
        277106,
      ],
      Array [
        530000,
        282435,
      ],
      Array [
        540000,
        287764,
      ],
      Array [
        550000,
        293093,
      ],
      Array [
        560000,
        298422,
      ],
      Array [
        570000,
        303751,
      ],
      Array [
        580000,
        309080,
      ],
      Array [
        590000,
        314409,
      ],
      Array [
        600000,
        319738,
      ],
      Array [
        610000,
        325067,
      ],
      Array [
        620000,
        330396,
      ],
      Array [
        630000,
        335725,
      ],
      Array [
        640000,
        341054,
      ],
      Array [
        650000,
        346383,
      ],
      Array [
        660000,
        351712,
      ],
      Array [
        670000,
        357041,
      ],
      Array [
        680000,
        362370,
      ],
      Array [
        690000,
        367699,
      ],
      Array [
        700000,
        373028,
      ],
      Array [
        710000,
        378357,
      ],
      Array [
        720000,
        383686,
      ],
      Array [
        730000,
        389015,
      ],
      Array [
        740000,
        394344,
      ],
      Array [
        750000,
        399672,
      ],
      Array [
        760000,
        405001,
      ],
      Array [
        770000,
        410330,
      ],
      Array [
        780000,
        415659,
      ],
      Array [
        790000,
        420988,
      ],
      Array [
        800000,
        426317,
      ],
      Array [
        810000,
        431646,
      ],
      Array [
        820000,
        436975,
      ],
      Array [
        830000,
        442304,
      ],
      Array [
        840000,
        447633,
      ],
      Array [
        850000,
        452962,
      ],
      Array [
        860000,
        458291,
      ],
      Array [
        870000,
        463620,
      ],
      Array [
        880000,
        468949,
      ],
      Array [
        890000,
        474278,
      ],
      Array [
        900000,
        479607,
      ],
      Array [
        910000,
        484936,
      ],
      Array [
        920000,
        490265,
      ],
      Array [
        930000,
        495594,
      ],
      Array [
        940000,
        500923,
      ],
      Array [
        950000,
        506252,
      ],
      Array [
        960000,
        511581,
      ],
      Array [
        970000,
        516910,
      ],
      Array [
        980000,
        522239,
      ],
      Array [
        990000,
        527568,
      ],
      Array [
        1000000,
        532896,
      ],
      Array [
        1010000,
        538225,
      ],
      Array [
        1020000,
        543554,
      ],
      Array [
        1030000,
        548883,
      ],
      Array [
        1040000,
        554212,
      ],
      Array [
        1050000,
        559541,
      ],
      Array [
        1060000,
        564870,
      ],
      Array [
        1070000,
        570199,
      ],
      Array [
        1080000,
        575528,
      ],
      Array [
        1090000,
        580857,
      ],
      Array [
        1100000,
        586186,
      ],
      Array [
        1110000,
        591515,
      ],
      Array [
        1120000,
        596844,
      ],
      Array [
        1130000,
        602173,
      ],
      Array [
        1140000,
        607502,
      ],
      Array [
        1150000,
        612831,
      ],
      Array [
        1160000,
        618160,
      ],
      Array [
        1170000,
        623489,
      ],
      Array [
        1180000,
        628818,
      ],
      Array [
        1190000,
        634147,
      ],
      Array [
        1200000,
        639476,
      ],
      Array [
        1210000,
        644805,
      ],
      Array [
        1220000,
        650134,
      ],
      Array [
        1230000,
        655463,
      ],
      Array [
        1240000,
        660792,
      ],
      Array [
        1250000,
        666120,
      ],
      Array [
        1260000,
        671449,
      ],
      Array [
        1270000,
        676778,
      ],
      Array [
        1280000,
        682107,
      ],
      Array [
        1290000,
        687436,
      ],
      Array [
        1300000,
        692765,
      ],
      Array [
        1310000,
        698094,
      ],
      Array [
        1320000,
        703423,
      ],
      Array [
        1330000,
        708752,
      ],
      Array [
        1340000,
        714081,
      ],
      Array [
        1350000,
        719410,
      ],
      Array [
        1360000,
        724739,
      ],
      Array [
        1370000,
        730068,
      ],
      Array [
        1380000,
        735397,
      ],
      Array [
        1390000,
        740726,
      ],
      Array [
        1400000,
        746055,
      ],
      Array [
        1410000,
        751384,
      ],
      Array [
        1420000,
        756713,
      ],
      Array [
        1430000,
        762042,
      ],
      Array [
        1440000,
        767371,
      ],
      Array [
        1450000,
        772700,
      ],
      Array [
        1460000,
        778029,
      ],
      Array [
        1470000,
        783358,
      ],
      Array [
        1480000,
        788687,
      ],
      Array [
        1490000,
        794016,
      ],
      Array [
        1500000,
        799344,
      ],
      Array [
        1510000,
        804673,
      ],
      Array [
        1520000,
        810002,
      ],
      Array [
        1530000,
        815331,
      ],
      Array [
        1540000,
        820660,
      ],
      Array [
        1550000,
        825989,
      ],
      Array [
        1560000,
        831318,
      ],
      Array [
        1570000,
        836647,
      ],
      Array [
        1580000,
        841976,
      ],
      Array [
        1590000,
        847305,
      ],
      Array [
        1600000,
        852634,
      ],
      Array [
        1610000,
        857963,
      ],
      Array [
        1620000,
        863292,
      ],
      Array [
        1630000,
        868621,
      ],
      Array [
        1640000,
        873950,
      ],
      Array [
        1650000,
        879279,
      ],
      Array [
        1660000,
        884608,
      ],
      Array [
        1670000,
        889937,
      ],
      Array [
        1680000,
        895266,
      ],
      Array [
        1690000,
        900595,
      ],
      Array [
        1700000,
        905924,
      ],
    ],
    "grossIncome": Array [
      Array [
        0,
        1318257,
      ],
      Array [
        10000,
        1310432,
      ],
      Array [
        20000,
        1302607,
      ],
      Array [
        30000,
        1294782,
      ],
      Array [
        40000,
        1286957,
      ],
      Array [
        50000,
        1279132,
      ],
      Array [
        60000,
        1271307,
      ],
      Array [
        70000,
        1263482,
      ],
      Array [
        80000,
        1255656,
      ],
      Array [
        90000,
        1247831,
      ],
      Array [
        100000,
        1240006,
      ],
      Array [
        110000,
        1232181,
      ],
      Array [
        120000,
        1224355,
      ],
      Array [
        130000,
        1216530,
      ],
      Array [
        140000,
        1208705,
      ],
      Array [
        150000,
        1200880,
      ],
      Array [
        160000,
        1193054,
      ],
      Array [
        170000,
        1185229,
      ],
      Array [
        180000,
        1177404,
      ],
      Array [
        190000,
        1169714,
      ],
      Array [
        200000,
        1162045,
      ],
      Array [
        210000,
        1154376,
      ],
      Array [
        220000,
        1146708,
      ],
      Array [
        230000,
        1139039,
      ],
      Array [
        240000,
        1131370,
      ],
      Array [
        250000,
        1123701,
      ],
      Array [
        260000,
        1116033,
      ],
      Array [
        270000,
        1108364,
      ],
      Array [
        280000,
        1100695,
      ],
      Array [
        290000,
        1093026,
      ],
      Array [
        300000,
        1085358,
      ],
      Array [
        310000,
        1077689,
      ],
      Array [
        320000,
        1070020,
      ],
      Array [
        330000,
        1062351,
      ],
      Array [
        340000,
        1054683,
      ],
      Array [
        350000,
        1047014,
      ],
      Array [
        360000,
        1039346,
      ],
      Array [
        370000,
        1031676,
      ],
      Array [
        380000,
        1024008,
      ],
      Array [
        390000,
        1016339,
      ],
      Array [
        400000,
        1008671,
      ],
      Array [
        410000,
        1001002,
      ],
      Array [
        420000,
        993334,
      ],
      Array [
        430000,
        985665,
      ],
      Array [
        440000,
        977997,
      ],
      Array [
        450000,
        970327,
      ],
      Array [
        460000,
        962659,
      ],
      Array [
        470000,
        954990,
      ],
      Array [
        480000,
        947322,
      ],
      Array [
        490000,
        939653,
      ],
      Array [
        500000,
        931984,
      ],
      Array [
        510000,
        924316,
      ],
      Array [
        520000,
        916647,
      ],
      Array [
        530000,
        908978,
      ],
      Array [
        540000,
        901309,
      ],
      Array [
        550000,
        893641,
      ],
      Array [
        560000,
        885972,
      ],
      Array [
        570000,
        878303,
      ],
      Array [
        580000,
        870634,
      ],
      Array [
        590000,
        862966,
      ],
      Array [
        600000,
        855297,
      ],
      Array [
        610000,
        847628,
      ],
      Array [
        620000,
        839959,
      ],
      Array [
        630000,
        832291,
      ],
      Array [
        640000,
        824622,
      ],
      Array [
        650000,
        816953,
      ],
      Array [
        660000,
        809284,
      ],
      Array [
        670000,
        801616,
      ],
      Array [
        680000,
        793947,
      ],
      Array [
        690000,
        786279,
      ],
      Array [
        700000,
        778609,
      ],
      Array [
        710000,
        770941,
      ],
      Array [
        720000,
        763272,
      ],
      Array [
        730000,
        755604,
      ],
      Array [
        740000,
        747934,
      ],
      Array [
        750000,
        740266,
      ],
      Array [
        760000,
        732597,
      ],
      Array [
        770000,
        724929,
      ],
      Array [
        780000,
        717260,
      ],
      Array [
        790000,
        709592,
      ],
      Array [
        800000,
        701923,
      ],
      Array [
        810000,
        694254,
      ],
      Array [
        820000,
        686584,
      ],
      Array [
        830000,
        678916,
      ],
      Array [
        840000,
        671247,
      ],
      Array [
        850000,
        663579,
      ],
      Array [
        860000,
        655910,
      ],
      Array [
        870000,
        648241,
      ],
      Array [
        880000,
        640573,
      ],
      Array [
        890000,
        632904,
      ],
      Array [
        900000,
        625235,
      ],
      Array [
        910000,
        617566,
      ],
      Array [
        920000,
        609898,
      ],
      Array [
        930000,
        602229,
      ],
      Array [
        940000,
        594560,
      ],
      Array [
        950000,
        586891,
      ],
      Array [
        960000,
        579223,
      ],
      Array [
        970000,
        571554,
      ],
      Array [
        980000,
        563886,
      ],
      Array [
        990000,
        556216,
      ],
      Array [
        1000000,
        548548,
      ],
      Array [
        1010000,
        540879,
      ],
      Array [
        1020000,
        533211,
      ],
      Array [
        1030000,
        525541,
      ],
      Array [
        1040000,
        517873,
      ],
      Array [
        1050000,
        510204,
      ],
      Array [
        1060000,
        502536,
      ],
      Array [
        1070000,
        494866,
      ],
      Array [
        1080000,
        487198,
      ],
      Array [
        1090000,
        479529,
      ],
      Array [
        1100000,
        471861,
      ],
      Array [
        1110000,
        464191,
      ],
      Array [
        1120000,
        456523,
      ],
      Array [
        1130000,
        448854,
      ],
      Array [
        1140000,
        441186,
      ],
      Array [
        1150000,
        433516,
      ],
      Array [
        1160000,
        425848,
      ],
      Array [
        1170000,
        418179,
      ],
      Array [
        1180000,
        410511,
      ],
      Array [
        1190000,
        402842,
      ],
      Array [
        1200000,
        395174,
      ],
      Array [
        1210000,
        387505,
      ],
      Array [
        1220000,
        379837,
      ],
      Array [
        1230000,
        372167,
      ],
      Array [
        1240000,
        364499,
      ],
      Array [
        1250000,
        356830,
      ],
      Array [
        1260000,
        349162,
      ],
      Array [
        1270000,
        341492,
      ],
      Array [
        1280000,
        333824,
      ],
      Array [
        1290000,
        326155,
      ],
      Array [
        1300000,
        318487,
      ],
      Array [
        1310000,
        310818,
      ],
      Array [
        1320000,
        303149,
      ],
      Array [
        1330000,
        295480,
      ],
      Array [
        1340000,
        287812,
      ],
      Array [
        1350000,
        280143,
      ],
      Array [
        1360000,
        272474,
      ],
      Array [
        1370000,
        264805,
      ],
      Array [
        1380000,
        257137,
      ],
      Array [
        1390000,
        249468,
      ],
      Array [
        1400000,
        241799,
      ],
      Array [
        1410000,
        234130,
      ],
      Array [
        1420000,
        226462,
      ],
      Array [
        1430000,
        218793,
      ],
      Array [
        1440000,
        211124,
      ],
      Array [
        1450000,
        203455,
      ],
      Array [
        1460000,
        195787,
      ],
      Array [
        1470000,
        188118,
      ],
      Array [
        1480000,
        180449,
      ],
      Array [
        1490000,
        172780,
      ],
      Array [
        1500000,
        165112,
      ],
      Array [
        1510000,
        157443,
      ],
      Array [
        1520000,
        149774,
      ],
      Array [
        1530000,
        142105,
      ],
      Array [
        1540000,
        134437,
      ],
      Array [
        1550000,
        126768,
      ],
      Array [
        1560000,
        119100,
      ],
      Array [
        1570000,
        111431,
      ],
      Array [
        1580000,
        103763,
      ],
      Array [
        1590000,
        96017,
      ],
      Array [
        1600000,
        88192,
      ],
      Array [
        1610000,
        80366,
      ],
      Array [
        1620000,
        72541,
      ],
      Array [
        1630000,
        64716,
      ],
      Array [
        1640000,
        56891,
      ],
      Array [
        1650000,
        49065,
      ],
      Array [
        1660000,
        41240,
      ],
      Array [
        1670000,
        33415,
      ],
      Array [
        1680000,
        25590,
      ],
      Array [
        1690000,
        17764,
      ],
      Array [
        1700000,
        9939,
      ],
    ],
    "maxTotal": Array [
      Array [
        1420000,
        948415,
      ],
    ],
    "netIncome": Array [
      Array [
        0,
        834690,
      ],
      Array [
        10000,
        830496,
      ],
      Array [
        20000,
        826303,
      ],
      Array [
        30000,
        822107,
      ],
      Array [
        40000,
        817914,
      ],
      Array [
        50000,
        813720,
      ],
      Array [
        60000,
        809525,
      ],
      Array [
        70000,
        805331,
      ],
      Array [
        80000,
        801137,
      ],
      Array [
        90000,
        796942,
      ],
      Array [
        100000,
        792748,
      ],
      Array [
        110000,
        788555,
      ],
      Array [
        120000,
        784359,
      ],
      Array [
        130000,
        780165,
      ],
      Array [
        140000,
        775971,
      ],
      Array [
        150000,
        771777,
      ],
      Array [
        160000,
        767582,
      ],
      Array [
        170000,
        763388,
      ],
      Array [
        180000,
        759194,
      ],
      Array [
        190000,
        755071,
      ],
      Array [
        200000,
        750962,
      ],
      Array [
        210000,
        746851,
      ],
      Array [
        220000,
        742740,
      ],
      Array [
        230000,
        738630,
      ],
      Array [
        240000,
        734519,
      ],
      Array [
        250000,
        730409,
      ],
      Array [
        260000,
        726299,
      ],
      Array [
        270000,
        722188,
      ],
      Array [
        280000,
        718079,
      ],
      Array [
        290000,
        713967,
      ],
      Array [
        300000,
        709857,
      ],
      Array [
        310000,
        705746,
      ],
      Array [
        320000,
        701636,
      ],
      Array [
        330000,
        697525,
      ],
      Array [
        340000,
        693414,
      ],
      Array [
        350000,
        689304,
      ],
      Array [
        360000,
        685194,
      ],
      Array [
        370000,
        681084,
      ],
      Array [
        380000,
        676974,
      ],
      Array [
        390000,
        672863,
      ],
      Array [
        400000,
        668752,
      ],
      Array [
        410000,
        664642,
      ],
      Array [
        420000,
        660532,
      ],
      Array [
        430000,
        656421,
      ],
      Array [
        440000,
        652312,
      ],
      Array [
        450000,
        648201,
      ],
      Array [
        460000,
        644026,
      ],
      Array [
        470000,
        639685,
      ],
      Array [
        480000,
        635345,
      ],
      Array [
        490000,
        631004,
      ],
      Array [
        500000,
        626664,
      ],
      Array [
        510000,
        622324,
      ],
      Array [
        520000,
        617982,
      ],
      Array [
        530000,
        613641,
      ],
      Array [
        540000,
        609302,
      ],
      Array [
        550000,
        604961,
      ],
      Array [
        560000,
        600621,
      ],
      Array [
        570000,
        596281,
      ],
      Array [
        580000,
        591940,
      ],
      Array [
        590000,
        587599,
      ],
      Array [
        600000,
        583258,
      ],
      Array [
        610000,
        578918,
      ],
      Array [
        620000,
        574578,
      ],
      Array [
        630000,
        570237,
      ],
      Array [
        640000,
        565896,
      ],
      Array [
        650000,
        561556,
      ],
      Array [
        660000,
        557215,
      ],
      Array [
        670000,
        552875,
      ],
      Array [
        680000,
        548534,
      ],
      Array [
        690000,
        544195,
      ],
      Array [
        700000,
        539854,
      ],
      Array [
        710000,
        535512,
      ],
      Array [
        720000,
        531173,
      ],
      Array [
        730000,
        526833,
      ],
      Array [
        740000,
        522491,
      ],
      Array [
        750000,
        518151,
      ],
      Array [
        760000,
        513811,
      ],
      Array [
        770000,
        509470,
      ],
      Array [
        780000,
        505129,
      ],
      Array [
        790000,
        500789,
      ],
      Array [
        800000,
        496449,
      ],
      Array [
        810000,
        492109,
      ],
      Array [
        820000,
        487767,
      ],
      Array [
        830000,
        483427,
      ],
      Array [
        840000,
        479086,
      ],
      Array [
        850000,
        474746,
      ],
      Array [
        860000,
        470405,
      ],
      Array [
        870000,
        466065,
      ],
      Array [
        880000,
        461725,
      ],
      Array [
        890000,
        457384,
      ],
      Array [
        900000,
        453043,
      ],
      Array [
        910000,
        448703,
      ],
      Array [
        920000,
        443678,
      ],
      Array [
        930000,
        438647,
      ],
      Array [
        940000,
        433616,
      ],
      Array [
        950000,
        428584,
      ],
      Array [
        960000,
        423554,
      ],
      Array [
        970000,
        418525,
      ],
      Array [
        980000,
        413495,
      ],
      Array [
        990000,
        408463,
      ],
      Array [
        1000000,
        403433,
      ],
      Array [
        1010000,
        398401,
      ],
      Array [
        1020000,
        393371,
      ],
      Array [
        1030000,
        388339,
      ],
      Array [
        1040000,
        383309,
      ],
      Array [
        1050000,
        378279,
      ],
      Array [
        1060000,
        373249,
      ],
      Array [
        1070000,
        368216,
      ],
      Array [
        1080000,
        363186,
      ],
      Array [
        1090000,
        358156,
      ],
      Array [
        1100000,
        353126,
      ],
      Array [
        1110000,
        348094,
      ],
      Array [
        1120000,
        343064,
      ],
      Array [
        1130000,
        338033,
      ],
      Array [
        1140000,
        333003,
      ],
      Array [
        1150000,
        327971,
      ],
      Array [
        1160000,
        322941,
      ],
      Array [
        1170000,
        317910,
      ],
      Array [
        1180000,
        312880,
      ],
      Array [
        1190000,
        307848,
      ],
      Array [
        1200000,
        302818,
      ],
      Array [
        1210000,
        297788,
      ],
      Array [
        1220000,
        292758,
      ],
      Array [
        1230000,
        287727,
      ],
      Array [
        1240000,
        282697,
      ],
      Array [
        1250000,
        277665,
      ],
      Array [
        1260000,
        272635,
      ],
      Array [
        1270000,
        267603,
      ],
      Array [
        1280000,
        262573,
      ],
      Array [
        1290000,
        257542,
      ],
      Array [
        1300000,
        252512,
      ],
      Array [
        1310000,
        247481,
      ],
      Array [
        1320000,
        242451,
      ],
      Array [
        1330000,
        237420,
      ],
      Array [
        1340000,
        232390,
      ],
      Array [
        1350000,
        227359,
      ],
      Array [
        1360000,
        222328,
      ],
      Array [
        1370000,
        217296,
      ],
      Array [
        1380000,
        212266,
      ],
      Array [
        1390000,
        207236,
      ],
      Array [
        1400000,
        202116,
      ],
      Array [
        1410000,
        196909,
      ],
      Array [
        1420000,
        191702,
      ],
      Array [
        1430000,
        185978,
      ],
      Array [
        1440000,
        180012,
      ],
      Array [
        1450000,
        174045,
      ],
      Array [
        1460000,
        168080,
      ],
      Array [
        1470000,
        162114,
      ],
      Array [
        1480000,
        156147,
      ],
      Array [
        1490000,
        150148,
      ],
      Array [
        1500000,
        144036,
      ],
      Array [
        1510000,
        137924,
      ],
      Array [
        1520000,
        131812,
      ],
      Array [
        1530000,
        125700,
      ],
      Array [
        1540000,
        119588,
      ],
      Array [
        1550000,
        113476,
      ],
      Array [
        1560000,
        107364,
      ],
      Array [
        1570000,
        101252,
      ],
      Array [
        1580000,
        95141,
      ],
      Array [
        1590000,
        88967,
      ],
      Array [
        1600000,
        82731,
      ],
      Array [
        1610000,
        76493,
      ],
      Array [
        1620000,
        70257,
      ],
      Array [
        1630000,
        64021,
      ],
      Array [
        1640000,
        57783,
      ],
      Array [
        1650000,
        51547,
      ],
      Array [
        1660000,
        45310,
      ],
      Array [
        1670000,
        39073,
      ],
      Array [
        1680000,
        32837,
      ],
      Array [
        1690000,
        26600,
      ],
      Array [
        1700000,
        20364,
      ],
    ],
    "sevenG": Array [
      Array [
        790000,
        709592,
      ],
    ],
    "surplus": Array [
      Array [
        0,
        0,
      ],
      Array [
        10000,
        10000,
      ],
      Array [
        20000,
        20000,
      ],
      Array [
        30000,
        30000,
      ],
      Array [
        40000,
        40000,
      ],
      Array [
        50000,
        50000,
      ],
      Array [
        60000,
        60000,
      ],
      Array [
        70000,
        70000,
      ],
      Array [
        80000,
        80000,
      ],
      Array [
        90000,
        90000,
      ],
      Array [
        100000,
        100000,
      ],
      Array [
        110000,
        110000,
      ],
      Array [
        120000,
        120000,
      ],
      Array [
        130000,
        130000,
      ],
      Array [
        140000,
        140000,
      ],
      Array [
        150000,
        150000,
      ],
      Array [
        160000,
        160000,
      ],
      Array [
        170000,
        170000,
      ],
      Array [
        180000,
        180000,
      ],
      Array [
        190000,
        190000,
      ],
      Array [
        200000,
        200000,
      ],
      Array [
        210000,
        210000,
      ],
      Array [
        220000,
        220000,
      ],
      Array [
        230000,
        230000,
      ],
      Array [
        240000,
        240000,
      ],
      Array [
        250000,
        250000,
      ],
      Array [
        260000,
        260000,
      ],
      Array [
        270000,
        270000,
      ],
      Array [
        280000,
        280000,
      ],
      Array [
        290000,
        290000,
      ],
      Array [
        300000,
        300000,
      ],
      Array [
        310000,
        310000,
      ],
      Array [
        320000,
        320000,
      ],
      Array [
        330000,
        330000,
      ],
      Array [
        340000,
        340000,
      ],
      Array [
        350000,
        350000,
      ],
      Array [
        360000,
        360000,
      ],
      Array [
        370000,
        370000,
      ],
      Array [
        380000,
        380000,
      ],
      Array [
        390000,
        390000,
      ],
      Array [
        400000,
        400000,
      ],
      Array [
        410000,
        410000,
      ],
      Array [
        420000,
        420000,
      ],
      Array [
        430000,
        430000,
      ],
      Array [
        440000,
        440000,
      ],
      Array [
        450000,
        450000,
      ],
      Array [
        460000,
        460000,
      ],
      Array [
        470000,
        470000,
      ],
      Array [
        480000,
        480000,
      ],
      Array [
        490000,
        490000,
      ],
      Array [
        500000,
        500000,
      ],
      Array [
        510000,
        510000,
      ],
      Array [
        520000,
        520000,
      ],
      Array [
        530000,
        530000,
      ],
      Array [
        540000,
        540000,
      ],
      Array [
        550000,
        550000,
      ],
      Array [
        560000,
        560000,
      ],
      Array [
        570000,
        570000,
      ],
      Array [
        580000,
        580000,
      ],
      Array [
        590000,
        590000,
      ],
      Array [
        600000,
        600000,
      ],
      Array [
        610000,
        610000,
      ],
      Array [
        620000,
        620000,
      ],
      Array [
        630000,
        630000,
      ],
      Array [
        640000,
        640000,
      ],
      Array [
        650000,
        650000,
      ],
      Array [
        660000,
        660000,
      ],
      Array [
        670000,
        670000,
      ],
      Array [
        680000,
        680000,
      ],
      Array [
        690000,
        690000,
      ],
      Array [
        700000,
        700000,
      ],
      Array [
        710000,
        710000,
      ],
      Array [
        720000,
        720000,
      ],
      Array [
        730000,
        730000,
      ],
      Array [
        740000,
        740000,
      ],
      Array [
        750000,
        750000,
      ],
      Array [
        760000,
        760000,
      ],
      Array [
        770000,
        770000,
      ],
      Array [
        780000,
        780000,
      ],
      Array [
        790000,
        790000,
      ],
      Array [
        800000,
        800000,
      ],
      Array [
        810000,
        810000,
      ],
      Array [
        820000,
        820000,
      ],
      Array [
        830000,
        830000,
      ],
      Array [
        840000,
        840000,
      ],
      Array [
        850000,
        850000,
      ],
      Array [
        860000,
        860000,
      ],
      Array [
        870000,
        870000,
      ],
      Array [
        880000,
        880000,
      ],
      Array [
        890000,
        890000,
      ],
      Array [
        900000,
        900000,
      ],
      Array [
        910000,
        910000,
      ],
      Array [
        920000,
        920000,
      ],
      Array [
        930000,
        930000,
      ],
      Array [
        940000,
        940000,
      ],
      Array [
        950000,
        950000,
      ],
      Array [
        960000,
        960000,
      ],
      Array [
        970000,
        970000,
      ],
      Array [
        980000,
        980000,
      ],
      Array [
        990000,
        990000,
      ],
      Array [
        1000000,
        1000000,
      ],
      Array [
        1010000,
        1010000,
      ],
      Array [
        1020000,
        1020000,
      ],
      Array [
        1030000,
        1030000,
      ],
      Array [
        1040000,
        1040000,
      ],
      Array [
        1050000,
        1050000,
      ],
      Array [
        1060000,
        1060000,
      ],
      Array [
        1070000,
        1070000,
      ],
      Array [
        1080000,
        1080000,
      ],
      Array [
        1090000,
        1090000,
      ],
      Array [
        1100000,
        1100000,
      ],
      Array [
        1110000,
        1110000,
      ],
      Array [
        1120000,
        1120000,
      ],
      Array [
        1130000,
        1130000,
      ],
      Array [
        1140000,
        1140000,
      ],
      Array [
        1150000,
        1150000,
      ],
      Array [
        1160000,
        1160000,
      ],
      Array [
        1170000,
        1170000,
      ],
      Array [
        1180000,
        1180000,
      ],
      Array [
        1190000,
        1190000,
      ],
      Array [
        1200000,
        1200000,
      ],
      Array [
        1210000,
        1210000,
      ],
      Array [
        1220000,
        1220000,
      ],
      Array [
        1230000,
        1230000,
      ],
      Array [
        1240000,
        1240000,
      ],
      Array [
        1250000,
        1250000,
      ],
      Array [
        1260000,
        1260000,
      ],
      Array [
        1270000,
        1270000,
      ],
      Array [
        1280000,
        1280000,
      ],
      Array [
        1290000,
        1290000,
      ],
      Array [
        1300000,
        1300000,
      ],
      Array [
        1310000,
        1310000,
      ],
      Array [
        1320000,
        1320000,
      ],
      Array [
        1330000,
        1330000,
      ],
      Array [
        1340000,
        1340000,
      ],
      Array [
        1350000,
        1350000,
      ],
      Array [
        1360000,
        1360000,
      ],
      Array [
        1370000,
        1370000,
      ],
      Array [
        1380000,
        1380000,
      ],
      Array [
        1390000,
        1390000,
      ],
      Array [
        1400000,
        1400000,
      ],
      Array [
        1410000,
        1410000,
      ],
      Array [
        1420000,
        1420000,
      ],
      Array [
        1430000,
        1430000,
      ],
      Array [
        1440000,
        1440000,
      ],
      Array [
        1450000,
        1450000,
      ],
      Array [
        1460000,
        1460000,
      ],
      Array [
        1470000,
        1470000,
      ],
      Array [
        1480000,
        1480000,
      ],
      Array [
        1490000,
        1490000,
      ],
      Array [
        1500000,
        1500000,
      ],
      Array [
        1510000,
        1510000,
      ],
      Array [
        1520000,
        1520000,
      ],
      Array [
        1530000,
        1530000,
      ],
      Array [
        1540000,
        1540000,
      ],
      Array [
        1550000,
        1550000,
      ],
      Array [
        1560000,
        1560000,
      ],
      Array [
        1570000,
        1570000,
      ],
      Array [
        1580000,
        1580000,
      ],
      Array [
        1590000,
        1590000,
      ],
      Array [
        1600000,
        1600000,
      ],
      Array [
        1610000,
        1610000,
      ],
      Array [
        1620000,
        1620000,
      ],
      Array [
        1630000,
        1630000,
      ],
      Array [
        1640000,
        1640000,
      ],
      Array [
        1650000,
        1650000,
      ],
      Array [
        1660000,
        1660000,
      ],
      Array [
        1670000,
        1670000,
      ],
      Array [
        1680000,
        1680000,
      ],
      Array [
        1690000,
        1690000,
      ],
      Array [
        1700000,
        1700000,
      ],
    ],
    "total": Array [
      Array [
        0,
        834690,
      ],
      Array [
        10000,
        835825,
      ],
      Array [
        20000,
        836961,
      ],
      Array [
        30000,
        838094,
      ],
      Array [
        40000,
        839230,
      ],
      Array [
        50000,
        840365,
      ],
      Array [
        60000,
        841499,
      ],
      Array [
        70000,
        842634,
      ],
      Array [
        80000,
        843769,
      ],
      Array [
        90000,
        844903,
      ],
      Array [
        100000,
        846038,
      ],
      Array [
        110000,
        847174,
      ],
      Array [
        120000,
        848307,
      ],
      Array [
        130000,
        849442,
      ],
      Array [
        140000,
        850577,
      ],
      Array [
        150000,
        851712,
      ],
      Array [
        160000,
        852846,
      ],
      Array [
        170000,
        853981,
      ],
      Array [
        180000,
        855116,
      ],
      Array [
        190000,
        856322,
      ],
      Array [
        200000,
        857542,
      ],
      Array [
        210000,
        858760,
      ],
      Array [
        220000,
        859978,
      ],
      Array [
        230000,
        861197,
      ],
      Array [
        240000,
        862415,
      ],
      Array [
        250000,
        863633,
      ],
      Array [
        260000,
        864852,
      ],
      Array [
        270000,
        866070,
      ],
      Array [
        280000,
        867290,
      ],
      Array [
        290000,
        868507,
      ],
      Array [
        300000,
        869726,
      ],
      Array [
        310000,
        870944,
      ],
      Array [
        320000,
        872163,
      ],
      Array [
        330000,
        873381,
      ],
      Array [
        340000,
        874599,
      ],
      Array [
        350000,
        875818,
      ],
      Array [
        360000,
        877037,
      ],
      Array [
        370000,
        878256,
      ],
      Array [
        380000,
        879475,
      ],
      Array [
        390000,
        880693,
      ],
      Array [
        400000,
        881911,
      ],
      Array [
        410000,
        883130,
      ],
      Array [
        420000,
        884349,
      ],
      Array [
        430000,
        885567,
      ],
      Array [
        440000,
        886787,
      ],
      Array [
        450000,
        888005,
      ],
      Array [
        460000,
        889159,
      ],
      Array [
        470000,
        890147,
      ],
      Array [
        480000,
        891136,
      ],
      Array [
        490000,
        892124,
      ],
      Array [
        500000,
        893112,
      ],
      Array [
        510000,
        894101,
      ],
      Array [
        520000,
        895088,
      ],
      Array [
        530000,
        896076,
      ],
      Array [
        540000,
        897066,
      ],
      Array [
        550000,
        898054,
      ],
      Array [
        560000,
        899043,
      ],
      Array [
        570000,
        900032,
      ],
      Array [
        580000,
        901020,
      ],
      Array [
        590000,
        902008,
      ],
      Array [
        600000,
        902996,
      ],
      Array [
        610000,
        903985,
      ],
      Array [
        620000,
        904974,
      ],
      Array [
        630000,
        905962,
      ],
      Array [
        640000,
        906950,
      ],
      Array [
        650000,
        907939,
      ],
      Array [
        660000,
        908927,
      ],
      Array [
        670000,
        909916,
      ],
      Array [
        680000,
        910904,
      ],
      Array [
        690000,
        911894,
      ],
      Array [
        700000,
        912882,
      ],
      Array [
        710000,
        913869,
      ],
      Array [
        720000,
        914859,
      ],
      Array [
        730000,
        915848,
      ],
      Array [
        740000,
        916835,
      ],
      Array [
        750000,
        917823,
      ],
      Array [
        760000,
        918812,
      ],
      Array [
        770000,
        919800,
      ],
      Array [
        780000,
        920788,
      ],
      Array [
        790000,
        921777,
      ],
      Array [
        800000,
        922766,
      ],
      Array [
        810000,
        923755,
      ],
      Array [
        820000,
        924742,
      ],
      Array [
        830000,
        925731,
      ],
      Array [
        840000,
        926719,
      ],
      Array [
        850000,
        927708,
      ],
      Array [
        860000,
        928696,
      ],
      Array [
        870000,
        929685,
      ],
      Array [
        880000,
        930674,
      ],
      Array [
        890000,
        931662,
      ],
      Array [
        900000,
        932650,
      ],
      Array [
        910000,
        933639,
      ],
      Array [
        920000,
        933943,
      ],
      Array [
        930000,
        934241,
      ],
      Array [
        940000,
        934539,
      ],
      Array [
        950000,
        934836,
      ],
      Array [
        960000,
        935135,
      ],
      Array [
        970000,
        935435,
      ],
      Array [
        980000,
        935734,
      ],
      Array [
        990000,
        936031,
      ],
      Array [
        1000000,
        936329,
      ],
      Array [
        1010000,
        936626,
      ],
      Array [
        1020000,
        936925,
      ],
      Array [
        1030000,
        937222,
      ],
      Array [
        1040000,
        937521,
      ],
      Array [
        1050000,
        937820,
      ],
      Array [
        1060000,
        938119,
      ],
      Array [
        1070000,
        938415,
      ],
      Array [
        1080000,
        938714,
      ],
      Array [
        1090000,
        939013,
      ],
      Array [
        1100000,
        939312,
      ],
      Array [
        1110000,
        939609,
      ],
      Array [
        1120000,
        939908,
      ],
      Array [
        1130000,
        940206,
      ],
      Array [
        1140000,
        940505,
      ],
      Array [
        1150000,
        940802,
      ],
      Array [
        1160000,
        941101,
      ],
      Array [
        1170000,
        941399,
      ],
      Array [
        1180000,
        941698,
      ],
      Array [
        1190000,
        941995,
      ],
      Array [
        1200000,
        942294,
      ],
      Array [
        1210000,
        942593,
      ],
      Array [
        1220000,
        942892,
      ],
      Array [
        1230000,
        943190,
      ],
      Array [
        1240000,
        943489,
      ],
      Array [
        1250000,
        943785,
      ],
      Array [
        1260000,
        944084,
      ],
      Array [
        1270000,
        944381,
      ],
      Array [
        1280000,
        944680,
      ],
      Array [
        1290000,
        944978,
      ],
      Array [
        1300000,
        945277,
      ],
      Array [
        1310000,
        945575,
      ],
      Array [
        1320000,
        945874,
      ],
      Array [
        1330000,
        946172,
      ],
      Array [
        1340000,
        946471,
      ],
      Array [
        1350000,
        946769,
      ],
      Array [
        1360000,
        947067,
      ],
      Array [
        1370000,
        947364,
      ],
      Array [
        1380000,
        947663,
      ],
      Array [
        1390000,
        947962,
      ],
      Array [
        1400000,
        948171,
      ],
      Array [
        1410000,
        948293,
      ],
      Array [
        1420000,
        948415,
      ],
      Array [
        1430000,
        948020,
      ],
      Array [
        1440000,
        947383,
      ],
      Array [
        1450000,
        946745,
      ],
      Array [
        1460000,
        946109,
      ],
      Array [
        1470000,
        945472,
      ],
      Array [
        1480000,
        944834,
      ],
      Array [
        1490000,
        944164,
      ],
      Array [
        1500000,
        943380,
      ],
      Array [
        1510000,
        942597,
      ],
      Array [
        1520000,
        941814,
      ],
      Array [
        1530000,
        941031,
      ],
      Array [
        1540000,
        940248,
      ],
      Array [
        1550000,
        939465,
      ],
      Array [
        1560000,
        938682,
      ],
      Array [
        1570000,
        937899,
      ],
      Array [
        1580000,
        937117,
      ],
      Array [
        1590000,
        936272,
      ],
      Array [
        1600000,
        935365,
      ],
      Array [
        1610000,
        934456,
      ],
      Array [
        1620000,
        933549,
      ],
      Array [
        1630000,
        932642,
      ],
      Array [
        1640000,
        931733,
      ],
      Array [
        1650000,
        930826,
      ],
      Array [
        1660000,
        929918,
      ],
      Array [
        1670000,
        929010,
      ],
      Array [
        1680000,
        928103,
      ],
      Array [
        1690000,
        927195,
      ],
      Array [
        1700000,
        926288,
      ],
    ],
  },
  "intl": Object {
    "locale": "nb",
    "locales": Array [
      Object {
        "active": true,
        "label": "Norsk",
        "value": "nb",
      },
      Object {
        "active": false,
        "label": "English",
        "value": "en",
      },
    ],
    "messages": Object {
      "salary.calculations.employer.fee": "Arbeidsgiveravgift",
      "salary.calculations.header": "Inntekstberegninger",
      "salary.calculations.income": "Brutto inntekt",
      "salary.calculations.pension": "Pensjon",
      "salary.calculations.subcontractor.cut": "Andel til overleverandør",
      "salary.calculations.surplus": "Overskudd",
      "salary.calculations.turnover": "Omsetning",
      "salary.calculations.vacation.savings": "Feriepenger",
      "salary.parameters.employer.fee": "Arbeidsgiveravgift",
      "salary.parameters.header": "Parametere",
      "salary.parameters.hour.rate": "Timepris",
      "salary.parameters.hours.per.year": "Timer per år",
      "salary.parameters.include.in.calculation": "Inkluder i utregningen",
      "salary.parameters.locale": "Språk",
      "salary.parameters.pension": "Pensjon",
      "salary.parameters.pension.step1": "(%) (1G-7.1G)",
      "salary.parameters.pension.step2": "(%) (7.1G-12G)",
      "salary.parameters.percentage": "(%)",
      "salary.parameters.subcontractor": "Overleverandør",
      "salary.parameters.subcontractor.cut": "Andel (%)",
      "salary.parameters.submit": "Beregn",
      "salary.parameters.surplus": "Overskudd",
      "salary.parameters.surplus.amount": "Beløp",
      "salary.parameters.turnover": "Omsetning",
      "salary.parameters.vacation.savings": "Feriepenger",
      "summary.dividends": "Utbytte",
      "summary.header": "Sammendrag",
      "summary.income": "Netto inntekt første år",
      "summary.total.cuts": "Andel til overleverandør, overskudd, arbeidsgiveravgift, feriepenger, pensjon",
      "summary.total.income": "Total inntjening første år (uten feriepenger)",
      "summary.total.tax": "Skatt sammenlagt",
      "summary.turnover": "Omsetning",
      "surplus.graph.chart.header": "Inntekt vs. overskudd",
      "surplus.graph.header": "Inntekt vs. overskudd",
      "surplus.graph.x.axis.title": "Overskudd",
      "surplus.graph.y.axis.title": "NOK",
      "surplus.series.dividends": "Utbytte",
      "surplus.series.gross.seven.g": "7.1G brutto inntekt",
      "surplus.series.income.gross": "Brutto inntekt",
      "surplus.series.income.net": "Netto inntekt",
      "surplus.series.max.total": "Maksimal inntjening",
      "surplus.series.surplus": "Overskudd",
      "surplus.series.total": "Sammenlagt",
      "surplus.suffix": "NOK",
      "tax.calculations.after.tax": "Netto inntekt",
      "tax.calculations.common.income": "Inntektsskatt-grunnlag",
      "tax.calculations.common.income.header": "Inntektsskatt-grunnlag",
      "tax.calculations.dividends.amount": "Utbytte",
      "tax.calculations.dividends.tax": "Skatt på utbytte",
      "tax.calculations.header": "Skatteberegninger",
      "tax.calculations.income": "Brutto inntekt",
      "tax.calculations.income.header": "Inntekt",
      "tax.calculations.income.tax": "Inntektsskatt (22%)",
      "tax.calculations.minimum.deduction": "Minstefradrag (45%)",
      "tax.calculations.personal.allowance": "Personfradrag",
      "tax.calculations.social.security.deduction": "Trygdeavgift (8.2%)",
      "tax.calculations.step.1": "Trinnskatt trinn 1 (1.9%)",
      "tax.calculations.step.2": "Trinnskatt trinn 2 (4.2%)",
      "tax.calculations.step.3": "Trinnskatt trinn 3 (13.2%)",
      "tax.calculations.step.4": "Trinnskatt trinn 4 (16.2%)",
      "tax.calculations.surplus.amount": "Selskapets overskudd",
      "tax.calculations.surplus.header": "Overskudd",
      "tax.calculations.surplus.tax": "Skatt på overskudd (22%)",
    },
  },
  "parameters": Object {
    "cut": 10,
    "employerFee": Object {
      "include": true,
      "rate": 14.1,
    },
    "ensuringFee": 15000,
    "graph": Object {
      "increments": 10000,
    },
    "hourRate": 1100,
    "hoursPerYear": 1730,
    "locale": "nb",
    "pension": Object {
      "include": true,
      "step1": Object {
        "rate": 2,
        "threshold": Object {
          "high": 708991,
          "low": 99858,
        },
      },
      "step2": Object {
        "rate": 2,
        "threshold": Object {
          "high": 1198296,
          "low": 708991,
        },
      },
    },
    "surplus": Object {
      "amount": 0,
      "include": true,
      "sevenG": true,
    },
    "vacationSavings": Object {
      "include": true,
      "rate": 12,
    },
  },
}
`;
