// Jest Snapshot v1, https://goo.gl/fbAQLP

exports[`reducers should have default values that match snapshot 1`] = `
Object {
  "calculations": Object {
    "dividends": Object {
      "afterDividendsTax": 0,
      "dividends": 0,
      "dividendsTax": 0,
      "surplus": 0,
      "surplusTax": 0,
      "upwardsAdjustment": 0,
    },
    "salary": Object {
      "companyIncome": 1712700,
      "employerFee": 211648,
      "income": 1318912,
      "pension": 21313,
      "surplus": 0,
      "theCut": 190300,
      "totalCuts": 584088,
      "turnover": 1903000,
      "vacationSavings": 160827,
      "withoutEmployerFee": 1501052,
      "withoutPension": 1318912,
      "withoutSurplus": 1712700,
      "withoutVacationSavings": 1340225,
    },
    "tax": Object {
      "afterTax": 816919,
      "commonIncome": 1221302,
      "income": 1318912,
      "incomeTax": 280899,
      "minimumDeduction": 97610,
      "socialSecurityDeduction": 108151,
      "step1": 965,
      "step2": 11885,
      "step3": 45136,
      "step4": 54957,
      "totalTax": 501993,
    },
  },
  "form": Object {},
  "intl": Object {
    "locale": "nb",
    "locales": Array [
      Object {
        "active": true,
        "label": "Norsk",
        "value": "nb",
      },
      Object {
        "active": false,
        "label": "English",
        "value": "en",
      },
    ],
    "messages": Object {
      "salary.calculations.employer.fee": "Arbeidsgiveravgift",
      "salary.calculations.header": "Inntekstberegninger",
      "salary.calculations.income": "Brutto inntekt",
      "salary.calculations.pension": "Pensjon",
      "salary.calculations.subcontractor.cut": "Andel til overleverandør",
      "salary.calculations.surplus": "Overskudd",
      "salary.calculations.turnover": "Omsetning",
      "salary.calculations.vacation.savings": "Feriepenger",
      "salary.parameters.employer.fee": "Arbeidsgiveravgift",
      "salary.parameters.header": "Parametere",
      "salary.parameters.hour.rate": "Timepris",
      "salary.parameters.hours.per.year": "Timer per år",
      "salary.parameters.include.in.calculation": "Inkluder i utregningen",
      "salary.parameters.locale": "Språk",
      "salary.parameters.pension": "Pensjon",
      "salary.parameters.pension.step1": "(%) (1G-7.1G)",
      "salary.parameters.pension.step2": "(%) (7.1G-12G)",
      "salary.parameters.percentage": "(%)",
      "salary.parameters.subcontractor": "Overleverandør",
      "salary.parameters.subcontractor.cut": "Andel (%)",
      "salary.parameters.submit": "Beregn",
      "salary.parameters.surplus": "Overskudd",
      "salary.parameters.surplus.amount": "Beløp",
      "salary.parameters.turnover": "Omsetning",
      "salary.parameters.vacation.savings": "Feriepenger",
      "summary.dividends": "Utbytte",
      "summary.header": "Sammendrag",
      "summary.income": "Netto inntekt første år",
      "summary.total.cuts": "Andel til overleverandør, overskudd, arbeidsgiveravgift, feriepenger, pensjon",
      "summary.total.income": "Total inntjening første år (uten feriepenger)",
      "summary.total.tax": "Skatt sammenlagt",
      "summary.turnover": "Omsetning",
      "tax.calculations.after.tax": "Netto inntekt",
      "tax.calculations.common.income": "Inntektsskatt-grunnlag",
      "tax.calculations.common.income.header": "Inntektsskatt-grunnlag",
      "tax.calculations.dividends.amount": "Utbytte",
      "tax.calculations.dividends.tax": "Skatt på utbytte",
      "tax.calculations.header": "Skatteberegninger",
      "tax.calculations.income": "Brutto inntekt",
      "tax.calculations.income.header": "Inntekt",
      "tax.calculations.income.tax": "Inntektsskatt (23%)",
      "tax.calculations.minimum.deduction": "Minstefradrag (45%)",
      "tax.calculations.social.security.deduction": "Trygdeavgift (8.2%)",
      "tax.calculations.step.1": "Trinnskatt trinn 1 (1.4%)",
      "tax.calculations.step.2": "Trinnskatt trinn 2 (3.3%)",
      "tax.calculations.step.3": "Trinnskatt trinn 3 (12.4%)",
      "tax.calculations.step.4": "Trinnskatt trinn 4 (15.4%)",
      "tax.calculations.surplus.amount": "Selskapets overskudd",
      "tax.calculations.surplus.header": "Overskudd",
      "tax.calculations.surplus.tax": "Skatt på overskudd (23%)",
    },
  },
  "parameters": Object {
    "cut": 10,
    "employerFee": Object {
      "include": true,
      "rate": 14.1,
    },
    "ensuringFee": 15000,
    "hourRate": 1100,
    "hoursPerYear": 1730,
    "locale": "nb",
    "pension": Object {
      "include": true,
      "step1": Object {
        "rate": 2,
        "threshold": Object {
          "high": 687869,
          "low": 96883,
        },
      },
      "step2": Object {
        "rate": 2,
        "threshold": Object {
          "high": 1162596,
          "low": 687869,
        },
      },
    },
    "surplus": Object {
      "amount": 0,
      "include": true,
    },
    "vacationSavings": Object {
      "include": true,
      "rate": 12,
    },
  },
}
`;
