// Jest Snapshot v1, https://goo.gl/fbAQLP

exports[`chart should return calculations for a range of different surplus 1`] = `
Object {
  "annotations": Array [
    Object {
      "labelOptions": Object {
        "backgroundColor": "rgba(255,255,255,0.5)",
        "verticalAlign": "top",
        "y": 15,
      },
      "labels": Array [
        Object {
          "point": Object {
            "x": 800000,
            "xAxis": 0,
            "y": 701864,
            "yAxis": 0,
          },
          "text": "7.1G",
        },
        Object {
          "point": Object {
            "x": 1400000,
            "xAxis": 0,
            "y": 948130,
            "yAxis": 0,
          },
          "text": "Max",
        },
      ],
    },
  ],
  "dividends": Array [
    Array [
      0,
      0,
    ],
    Array [
      100000,
      53290,
    ],
    Array [
      200000,
      106580,
    ],
    Array [
      300000,
      159869,
    ],
    Array [
      400000,
      213159,
    ],
    Array [
      500000,
      266448,
    ],
    Array [
      600000,
      319738,
    ],
    Array [
      700000,
      373028,
    ],
    Array [
      800000,
      426317,
    ],
    Array [
      900000,
      479607,
    ],
    Array [
      1000000,
      532896,
    ],
    Array [
      1100000,
      586186,
    ],
    Array [
      1200000,
      639476,
    ],
    Array [
      1300000,
      692765,
    ],
    Array [
      1400000,
      746055,
    ],
    Array [
      1500000,
      799344,
    ],
    Array [
      1600000,
      852634,
    ],
  ],
  "grossIncome": Array [
    Array [
      0,
      1318912,
    ],
    Array [
      100000,
      1240661,
    ],
    Array [
      200000,
      1162408,
    ],
    Array [
      300000,
      1085298,
    ],
    Array [
      400000,
      1008612,
    ],
    Array [
      500000,
      931925,
    ],
    Array [
      600000,
      855238,
    ],
    Array [
      700000,
      778550,
    ],
    Array [
      800000,
      701864,
    ],
    Array [
      900000,
      625175,
    ],
    Array [
      1000000,
      548488,
    ],
    Array [
      1100000,
      471801,
    ],
    Array [
      1200000,
      395114,
    ],
    Array [
      1300000,
      318427,
    ],
    Array [
      1400000,
      241739,
    ],
    Array [
      1500000,
      165052,
    ],
    Array [
      1600000,
      88192,
    ],
  ],
  "max": Object {
    "dividends": 746055,
    "grossIncome": 241739,
    "netIncome": 202075,
    "salaryAboveSevenG": false,
    "salaryBasis": 312700,
    "surplus": 1400000,
    "total": 948130,
  },
  "netIncome": Array [
    Array [
      0,
      835042,
    ],
    Array [
      100000,
      793099,
    ],
    Array [
      200000,
      751156,
    ],
    Array [
      300000,
      709825,
    ],
    Array [
      400000,
      668721,
    ],
    Array [
      500000,
      626630,
    ],
    Array [
      600000,
      583225,
    ],
    Array [
      700000,
      539819,
    ],
    Array [
      800000,
      496415,
    ],
    Array [
      900000,
      453009,
    ],
    Array [
      1000000,
      403392,
    ],
    Array [
      1100000,
      353086,
    ],
    Array [
      1200000,
      302779,
    ],
    Array [
      1300000,
      252473,
    ],
    Array [
      1400000,
      202075,
    ],
    Array [
      1500000,
      143988,
    ],
    Array [
      1600000,
      82731,
    ],
  ],
  "surplus": Array [
    Array [
      0,
      0,
    ],
    Array [
      100000,
      100000,
    ],
    Array [
      200000,
      200000,
    ],
    Array [
      300000,
      300000,
    ],
    Array [
      400000,
      400000,
    ],
    Array [
      500000,
      500000,
    ],
    Array [
      600000,
      600000,
    ],
    Array [
      700000,
      700000,
    ],
    Array [
      800000,
      800000,
    ],
    Array [
      900000,
      900000,
    ],
    Array [
      1000000,
      1000000,
    ],
    Array [
      1100000,
      1100000,
    ],
    Array [
      1200000,
      1200000,
    ],
    Array [
      1300000,
      1300000,
    ],
    Array [
      1400000,
      1400000,
    ],
    Array [
      1500000,
      1500000,
    ],
    Array [
      1600000,
      1600000,
    ],
  ],
  "total": Array [
    Array [
      0,
      835042,
    ],
    Array [
      100000,
      846389,
    ],
    Array [
      200000,
      857736,
    ],
    Array [
      300000,
      869694,
    ],
    Array [
      400000,
      881880,
    ],
    Array [
      500000,
      893078,
    ],
    Array [
      600000,
      902963,
    ],
    Array [
      700000,
      912847,
    ],
    Array [
      800000,
      922732,
    ],
    Array [
      900000,
      932616,
    ],
    Array [
      1000000,
      936288,
    ],
    Array [
      1100000,
      939272,
    ],
    Array [
      1200000,
      942255,
    ],
    Array [
      1300000,
      945238,
    ],
    Array [
      1400000,
      948130,
    ],
    Array [
      1500000,
      943332,
    ],
    Array [
      1600000,
      935365,
    ],
  ],
}
`;
