// Jest Snapshot v1, https://goo.gl/fbAQLP

exports[`chart should return calculations for a range of different surplus 1`] = `
Object {
  "annotations": Array [
    Object {
      "labelOptions": Object {
        "backgroundColor": "rgba(255,255,255,0.5)",
        "verticalAlign": "top",
        "y": 15,
      },
      "labels": Array [
        Object {
          "point": Object {
            "x": 800000,
            "xAxis": 0,
            "y": 701864,
            "yAxis": 0,
          },
          "text": "7.1G",
        },
        Object {
          "point": Object {
            "x": 1400000,
            "xAxis": 0,
            "y": 948510,
            "yAxis": 0,
          },
          "text": "Max",
        },
      ],
    },
  ],
  "dividends": Array [
    Array [
      0,
      0,
    ],
    Array [
      100000,
      53446,
    ],
    Array [
      200000,
      106892,
    ],
    Array [
      300000,
      160338,
    ],
    Array [
      400000,
      213783,
    ],
    Array [
      500000,
      267229,
    ],
    Array [
      600000,
      320675,
    ],
    Array [
      700000,
      374120,
    ],
    Array [
      800000,
      427566,
    ],
    Array [
      900000,
      481012,
    ],
    Array [
      1000000,
      534457,
    ],
    Array [
      1100000,
      587903,
    ],
    Array [
      1200000,
      641349,
    ],
    Array [
      1300000,
      694795,
    ],
    Array [
      1400000,
      748240,
    ],
    Array [
      1500000,
      801686,
    ],
    Array [
      1600000,
      855132,
    ],
  ],
  "grossIncome": Array [
    Array [
      0,
      1318912,
    ],
    Array [
      100000,
      1240661,
    ],
    Array [
      200000,
      1162408,
    ],
    Array [
      300000,
      1085298,
    ],
    Array [
      400000,
      1008612,
    ],
    Array [
      500000,
      931925,
    ],
    Array [
      600000,
      855238,
    ],
    Array [
      700000,
      778550,
    ],
    Array [
      800000,
      701864,
    ],
    Array [
      900000,
      625175,
    ],
    Array [
      1000000,
      548488,
    ],
    Array [
      1100000,
      471801,
    ],
    Array [
      1200000,
      395114,
    ],
    Array [
      1300000,
      318427,
    ],
    Array [
      1400000,
      241739,
    ],
    Array [
      1500000,
      165052,
    ],
    Array [
      1600000,
      88192,
    ],
  ],
  "max": Object {
    "dividends": 748240,
    "grossIncome": 241739,
    "netIncome": 200270,
    "salaryAboveSevenG": false,
    "salaryBasis": 312700,
    "surplus": 1400000,
    "total": 948510,
  },
  "netIncome": Array [
    Array [
      0,
      829516,
    ],
    Array [
      100000,
      787728,
    ],
    Array [
      200000,
      745941,
    ],
    Array [
      300000,
      704765,
    ],
    Array [
      400000,
      663815,
    ],
    Array [
      500000,
      621961,
    ],
    Array [
      600000,
      578709,
    ],
    Array [
      700000,
      535456,
    ],
    Array [
      800000,
      492207,
    ],
    Array [
      900000,
      448953,
    ],
    Array [
      1000000,
      401190,
    ],
    Array [
      1100000,
      350961,
    ],
    Array [
      1200000,
      300730,
    ],
    Array [
      1300000,
      250500,
    ],
    Array [
      1400000,
      200270,
    ],
    Array [
      1500000,
      143232,
    ],
    Array [
      1600000,
      82398,
    ],
  ],
  "surplus": Array [
    Array [
      0,
      0,
    ],
    Array [
      100000,
      100000,
    ],
    Array [
      200000,
      200000,
    ],
    Array [
      300000,
      300000,
    ],
    Array [
      400000,
      400000,
    ],
    Array [
      500000,
      500000,
    ],
    Array [
      600000,
      600000,
    ],
    Array [
      700000,
      700000,
    ],
    Array [
      800000,
      800000,
    ],
    Array [
      900000,
      900000,
    ],
    Array [
      1000000,
      1000000,
    ],
    Array [
      1100000,
      1100000,
    ],
    Array [
      1200000,
      1200000,
    ],
    Array [
      1300000,
      1300000,
    ],
    Array [
      1400000,
      1400000,
    ],
    Array [
      1500000,
      1500000,
    ],
    Array [
      1600000,
      1600000,
    ],
  ],
  "total": Array [
    Array [
      0,
      829516,
    ],
    Array [
      100000,
      841174,
    ],
    Array [
      200000,
      852833,
    ],
    Array [
      300000,
      865103,
    ],
    Array [
      400000,
      877598,
    ],
    Array [
      500000,
      889190,
    ],
    Array [
      600000,
      899384,
    ],
    Array [
      700000,
      909576,
    ],
    Array [
      800000,
      919773,
    ],
    Array [
      900000,
      929965,
    ],
    Array [
      1000000,
      935647,
    ],
    Array [
      1100000,
      938864,
    ],
    Array [
      1200000,
      942079,
    ],
    Array [
      1300000,
      945295,
    ],
    Array [
      1400000,
      948510,
    ],
    Array [
      1500000,
      944918,
    ],
    Array [
      1600000,
      937530,
    ],
  ],
}
`;
