// Jest Snapshot v1, https://goo.gl/fbAQLP

exports[`chart should return calculations for a range of different surplus 1`] = `
Object {
  "annotations": Array [
    Object {
      "labelOptions": Object {
        "backgroundColor": "rgba(255,255,255,0.5)",
        "verticalAlign": "top",
        "y": 15,
      },
      "labels": Array [
        Object {
          "point": Object {
            "x": 1000000,
            "xAxis": 0,
            "y": 548488,
            "yAxis": 0,
          },
          "text": "7.1G",
        },
      ],
    },
  ],
  "dividends": Array [
    Array [
      0,
      0,
    ],
    Array [
      100000,
      53446,
    ],
    Array [
      200000,
      106892,
    ],
    Array [
      300000,
      160338,
    ],
    Array [
      400000,
      213783,
    ],
    Array [
      500000,
      267229,
    ],
    Array [
      600000,
      320675,
    ],
    Array [
      700000,
      374120,
    ],
    Array [
      800000,
      427566,
    ],
    Array [
      900000,
      481012,
    ],
    Array [
      1000000,
      534457,
    ],
    Array [
      1100000,
      587903,
    ],
    Array [
      1200000,
      641349,
    ],
    Array [
      1300000,
      694795,
    ],
    Array [
      1400000,
      748240,
    ],
    Array [
      1500000,
      801686,
    ],
    Array [
      1600000,
      855132,
    ],
  ],
  "income": Array [
    Array [
      0,
      1318912,
    ],
    Array [
      100000,
      1240661,
    ],
    Array [
      200000,
      1162408,
    ],
    Array [
      300000,
      1085298,
    ],
    Array [
      400000,
      1008612,
    ],
    Array [
      500000,
      931925,
    ],
    Array [
      600000,
      855238,
    ],
    Array [
      700000,
      778550,
    ],
    Array [
      800000,
      701864,
    ],
    Array [
      900000,
      625175,
    ],
    Array [
      1000000,
      548488,
    ],
    Array [
      1100000,
      471801,
    ],
    Array [
      1200000,
      395114,
    ],
    Array [
      1300000,
      318427,
    ],
    Array [
      1400000,
      241739,
    ],
    Array [
      1500000,
      165052,
    ],
    Array [
      1600000,
      88192,
    ],
  ],
  "total": Array [
    Array [
      0,
      816923,
    ],
    Array [
      100000,
      828582,
    ],
    Array [
      200000,
      840241,
    ],
    Array [
      300000,
      852510,
    ],
    Array [
      400000,
      865005,
    ],
    Array [
      500000,
      876597,
    ],
    Array [
      600000,
      886791,
    ],
    Array [
      700000,
      896983,
    ],
    Array [
      800000,
      907180,
    ],
    Array [
      900000,
      917373,
    ],
    Array [
      1000000,
      923055,
    ],
    Array [
      1100000,
      926272,
    ],
    Array [
      1200000,
      929487,
    ],
    Array [
      1300000,
      932703,
    ],
    Array [
      1400000,
      935918,
    ],
    Array [
      1500000,
      932325,
    ],
    Array [
      1600000,
      924937,
    ],
  ],
}
`;
