// Jest Snapshot v1, https://goo.gl/fbAQLP

exports[`calculations should have default values 1`] = `
Object {
  "afterTotal": 829516,
  "dividends": Object {
    "afterDividendsTax": 0,
    "dividends": 0,
    "dividendsTax": 0,
    "surplus": 0,
    "surplusTax": 0,
    "upwardsAdjustment": 0,
  },
  "salary": Object {
    "companyIncome": 1712700,
    "employerFee": 211648,
    "income": 1318912,
    "pension": 21313,
    "surplus": 0,
    "theCut": 190300,
    "totalCuts": 584088,
    "turnover": 1903000,
    "vacationSavings": 160827,
    "withoutEmployerFee": 1501052,
    "withoutPension": 1318912,
    "withoutSurplus": 1712700,
    "withoutVacationSavings": 1340225,
  },
  "tax": Object {
    "afterTax": 829516,
    "commonIncome": 1166552,
    "income": 1318912,
    "incomeTax": 268306,
    "minimumDeduction": 97610,
    "personalAllowance": 54750,
    "socialSecurityDeduction": 108150,
    "step1": 964,
    "step2": 11884,
    "step3": 45136,
    "step4": 54956,
    "totalTax": 489396,
  },
}
`;
