// Jest Snapshot v1, https://goo.gl/fbAQLP

exports[`calculations should have default values 1`] = `
Object {
  "salary": Object {
    "companyIncome": 1712700,
    "employerFee": 211648,
    "income": 1270327,
    "pension": 63942,
    "theCut": 190300,
    "turnover": 1903000,
    "vacationSavings": 166783,
    "withoutEmployerFee": 1501052,
    "withoutPension": 1270327,
    "withoutVacationSavings": 1334269,
  },
  "tax": Object {
    "afterTax": 790974,
    "commonIncome": 1172717,
    "income": 1270327,
    "incomeTax": 269725,
    "minimumDeduction": 97610,
    "socialSecurityDeduction": 104167,
    "step1": 965,
    "step2": 11885,
    "step3": 45136,
    "step4": 47475,
    "totalTax": 479353,
  },
}
`;
