// Jest Snapshot v1, https://goo.gl/fbAQLP

exports[`calculations should have default values 1`] = `
Object {
  "afterTotal": 834690,
  "dividends": Object {
    "afterDividendsTax": 0,
    "dividends": 0,
    "dividendsTax": 0,
    "surplus": 0,
    "surplusTax": 0,
    "upwardsAdjustment": 0,
  },
  "salary": Object {
    "companyIncome": 1712700,
    "employerFee": 211648,
    "income": 1318257,
    "pension": 21968,
    "surplus": 0,
    "theCut": 190300,
    "totalCuts": 584743,
    "turnover": 1903000,
    "vacationSavings": 160827,
    "withoutEmployerFee": 1501052,
    "withoutPension": 1318257,
    "withoutSurplus": 1712700,
    "withoutVacationSavings": 1340225,
  },
  "tax": Object {
    "afterTax": 834690,
    "commonIncome": 1160907,
    "income": 1318257,
    "incomeTax": 255399,
    "minimumDeduction": 100800,
    "personalAllowance": 56550,
    "socialSecurityDeduction": 108097,
    "step1": 1351,
    "step2": 15617,
    "step3": 45843,
    "step4": 57260,
    "totalTax": 483567,
  },
}
`;
