// Jest Snapshot v1, https://goo.gl/fbAQLP

exports[`optimal-surplus should return calculations for a range of different surplus 1`] = `
Array [
  Object {
    "dividends": 0,
    "salary": 1318912,
    "salaryAboveSevenG": true,
    "salaryBasis": 1712700,
    "surplus": 0,
    "total": 816923,
  },
  Object {
    "dividends": 5345,
    "salary": 1311087,
    "salaryAboveSevenG": true,
    "salaryBasis": 1702700,
    "surplus": 10000,
    "total": 818089,
  },
  Object {
    "dividends": 10690,
    "salary": 1303262,
    "salaryAboveSevenG": true,
    "salaryBasis": 1692700,
    "surplus": 20000,
    "total": 819256,
  },
  Object {
    "dividends": 16034,
    "salary": 1295437,
    "salaryAboveSevenG": true,
    "salaryBasis": 1682700,
    "surplus": 30000,
    "total": 820421,
  },
  Object {
    "dividends": 21379,
    "salary": 1287612,
    "salaryAboveSevenG": true,
    "salaryBasis": 1672700,
    "surplus": 40000,
    "total": 821587,
  },
  Object {
    "dividends": 26723,
    "salary": 1279787,
    "salaryAboveSevenG": true,
    "salaryBasis": 1662700,
    "surplus": 50000,
    "total": 822753,
  },
  Object {
    "dividends": 32068,
    "salary": 1271962,
    "salaryAboveSevenG": true,
    "salaryBasis": 1652700,
    "surplus": 60000,
    "total": 823920,
  },
  Object {
    "dividends": 37412,
    "salary": 1264137,
    "salaryAboveSevenG": true,
    "salaryBasis": 1642700,
    "surplus": 70000,
    "total": 825084,
  },
  Object {
    "dividends": 42757,
    "salary": 1256311,
    "salaryAboveSevenG": true,
    "salaryBasis": 1632700,
    "surplus": 80000,
    "total": 826250,
  },
  Object {
    "dividends": 48102,
    "salary": 1248486,
    "salaryAboveSevenG": true,
    "salaryBasis": 1622700,
    "surplus": 90000,
    "total": 827417,
  },
  Object {
    "dividends": 53446,
    "salary": 1240661,
    "salaryAboveSevenG": true,
    "salaryBasis": 1612700,
    "surplus": 100000,
    "total": 828582,
  },
  Object {
    "dividends": 58791,
    "salary": 1232836,
    "salaryAboveSevenG": true,
    "salaryBasis": 1602700,
    "surplus": 110000,
    "total": 829749,
  },
  Object {
    "dividends": 64135,
    "salary": 1225010,
    "salaryAboveSevenG": true,
    "salaryBasis": 1592700,
    "surplus": 120000,
    "total": 830914,
  },
  Object {
    "dividends": 69480,
    "salary": 1217185,
    "salaryAboveSevenG": true,
    "salaryBasis": 1582700,
    "surplus": 130000,
    "total": 832080,
  },
  Object {
    "dividends": 74824,
    "salary": 1209360,
    "salaryAboveSevenG": true,
    "salaryBasis": 1572700,
    "surplus": 140000,
    "total": 833246,
  },
  Object {
    "dividends": 80169,
    "salary": 1201535,
    "salaryAboveSevenG": true,
    "salaryBasis": 1562700,
    "surplus": 150000,
    "total": 834413,
  },
  Object {
    "dividends": 85514,
    "salary": 1193709,
    "salaryAboveSevenG": true,
    "salaryBasis": 1552700,
    "surplus": 160000,
    "total": 835578,
  },
  Object {
    "dividends": 90858,
    "salary": 1185884,
    "salaryAboveSevenG": true,
    "salaryBasis": 1542700,
    "surplus": 170000,
    "total": 836743,
  },
  Object {
    "dividends": 96203,
    "salary": 1178059,
    "salaryAboveSevenG": true,
    "salaryBasis": 1532700,
    "surplus": 180000,
    "total": 837910,
  },
  Object {
    "dividends": 101547,
    "salary": 1170234,
    "salaryAboveSevenG": true,
    "salaryBasis": 1522700,
    "surplus": 190000,
    "total": 839075,
  },
  Object {
    "dividends": 106892,
    "salary": 1162408,
    "salaryAboveSevenG": true,
    "salaryBasis": 1512700,
    "surplus": 200000,
    "total": 840241,
  },
  Object {
    "dividends": 112236,
    "salary": 1154583,
    "salaryAboveSevenG": true,
    "salaryBasis": 1502700,
    "surplus": 210000,
    "total": 841407,
  },
  Object {
    "dividends": 117581,
    "salary": 1146758,
    "salaryAboveSevenG": true,
    "salaryBasis": 1492700,
    "surplus": 220000,
    "total": 842572,
  },
  Object {
    "dividends": 122926,
    "salary": 1138980,
    "salaryAboveSevenG": true,
    "salaryBasis": 1482700,
    "surplus": 230000,
    "total": 843764,
  },
  Object {
    "dividends": 128270,
    "salary": 1131310,
    "salaryAboveSevenG": true,
    "salaryBasis": 1472700,
    "surplus": 240000,
    "total": 845012,
  },
  Object {
    "dividends": 133615,
    "salary": 1123642,
    "salaryAboveSevenG": true,
    "salaryBasis": 1462700,
    "surplus": 250000,
    "total": 846263,
  },
  Object {
    "dividends": 138959,
    "salary": 1115973,
    "salaryAboveSevenG": true,
    "salaryBasis": 1452700,
    "surplus": 260000,
    "total": 847512,
  },
  Object {
    "dividends": 144304,
    "salary": 1108305,
    "salaryAboveSevenG": true,
    "salaryBasis": 1442700,
    "surplus": 270000,
    "total": 848762,
  },
  Object {
    "dividends": 149648,
    "salary": 1100635,
    "salaryAboveSevenG": true,
    "salaryBasis": 1432700,
    "surplus": 280000,
    "total": 850010,
  },
  Object {
    "dividends": 154993,
    "salary": 1092967,
    "salaryAboveSevenG": true,
    "salaryBasis": 1422700,
    "surplus": 290000,
    "total": 851260,
  },
  Object {
    "dividends": 160338,
    "salary": 1085298,
    "salaryAboveSevenG": true,
    "salaryBasis": 1412700,
    "surplus": 300000,
    "total": 852510,
  },
  Object {
    "dividends": 165682,
    "salary": 1077630,
    "salaryAboveSevenG": true,
    "salaryBasis": 1402700,
    "surplus": 310000,
    "total": 853760,
  },
  Object {
    "dividends": 171027,
    "salary": 1069961,
    "salaryAboveSevenG": true,
    "salaryBasis": 1392700,
    "surplus": 320000,
    "total": 855010,
  },
  Object {
    "dividends": 176371,
    "salary": 1062292,
    "salaryAboveSevenG": true,
    "salaryBasis": 1382700,
    "surplus": 330000,
    "total": 856259,
  },
  Object {
    "dividends": 181716,
    "salary": 1054624,
    "salaryAboveSevenG": true,
    "salaryBasis": 1372700,
    "surplus": 340000,
    "total": 857508,
  },
  Object {
    "dividends": 187060,
    "salary": 1046955,
    "salaryAboveSevenG": true,
    "salaryBasis": 1362700,
    "surplus": 350000,
    "total": 858757,
  },
  Object {
    "dividends": 192405,
    "salary": 1039287,
    "salaryAboveSevenG": true,
    "salaryBasis": 1352700,
    "surplus": 360000,
    "total": 860008,
  },
  Object {
    "dividends": 197750,
    "salary": 1031617,
    "salaryAboveSevenG": true,
    "salaryBasis": 1342700,
    "surplus": 370000,
    "total": 861257,
  },
  Object {
    "dividends": 203094,
    "salary": 1023949,
    "salaryAboveSevenG": true,
    "salaryBasis": 1332700,
    "surplus": 380000,
    "total": 862507,
  },
  Object {
    "dividends": 208439,
    "salary": 1016280,
    "salaryAboveSevenG": true,
    "salaryBasis": 1322700,
    "surplus": 390000,
    "total": 863756,
  },
  Object {
    "dividends": 213783,
    "salary": 1008612,
    "salaryAboveSevenG": true,
    "salaryBasis": 1312700,
    "surplus": 400000,
    "total": 865005,
  },
  Object {
    "dividends": 219128,
    "salary": 1000943,
    "salaryAboveSevenG": true,
    "salaryBasis": 1302700,
    "surplus": 410000,
    "total": 866255,
  },
  Object {
    "dividends": 224472,
    "salary": 993275,
    "salaryAboveSevenG": true,
    "salaryBasis": 1292700,
    "surplus": 420000,
    "total": 867505,
  },
  Object {
    "dividends": 229817,
    "salary": 985606,
    "salaryAboveSevenG": true,
    "salaryBasis": 1282700,
    "surplus": 430000,
    "total": 868754,
  },
  Object {
    "dividends": 235162,
    "salary": 977938,
    "salaryAboveSevenG": true,
    "salaryBasis": 1272700,
    "surplus": 440000,
    "total": 870005,
  },
  Object {
    "dividends": 240506,
    "salary": 970268,
    "salaryAboveSevenG": true,
    "salaryBasis": 1262700,
    "surplus": 450000,
    "total": 871253,
  },
  Object {
    "dividends": 245851,
    "salary": 962600,
    "salaryAboveSevenG": true,
    "salaryBasis": 1252700,
    "surplus": 460000,
    "total": 872503,
  },
  Object {
    "dividends": 251195,
    "salary": 954931,
    "salaryAboveSevenG": true,
    "salaryBasis": 1242700,
    "surplus": 470000,
    "total": 873538,
  },
  Object {
    "dividends": 256540,
    "salary": 947263,
    "salaryAboveSevenG": true,
    "salaryBasis": 1232700,
    "surplus": 480000,
    "total": 874558,
  },
  Object {
    "dividends": 261884,
    "salary": 939593,
    "salaryAboveSevenG": true,
    "salaryBasis": 1222700,
    "surplus": 490000,
    "total": 875576,
  },
  Object {
    "dividends": 267229,
    "salary": 931925,
    "salaryAboveSevenG": true,
    "salaryBasis": 1212700,
    "surplus": 500000,
    "total": 876597,
  },
  Object {
    "dividends": 272574,
    "salary": 924256,
    "salaryAboveSevenG": true,
    "salaryBasis": 1202700,
    "surplus": 510000,
    "total": 877617,
  },
  Object {
    "dividends": 277918,
    "salary": 916588,
    "salaryAboveSevenG": true,
    "salaryBasis": 1192700,
    "surplus": 520000,
    "total": 878636,
  },
  Object {
    "dividends": 283263,
    "salary": 908918,
    "salaryAboveSevenG": true,
    "salaryBasis": 1182700,
    "surplus": 530000,
    "total": 879655,
  },
  Object {
    "dividends": 288607,
    "salary": 901250,
    "salaryAboveSevenG": true,
    "salaryBasis": 1172700,
    "surplus": 540000,
    "total": 880674,
  },
  Object {
    "dividends": 293952,
    "salary": 893581,
    "salaryAboveSevenG": true,
    "salaryBasis": 1162700,
    "surplus": 550000,
    "total": 881694,
  },
  Object {
    "dividends": 299296,
    "salary": 885913,
    "salaryAboveSevenG": true,
    "salaryBasis": 1152700,
    "surplus": 560000,
    "total": 882713,
  },
  Object {
    "dividends": 304641,
    "salary": 878243,
    "salaryAboveSevenG": true,
    "salaryBasis": 1142700,
    "surplus": 570000,
    "total": 883733,
  },
  Object {
    "dividends": 309986,
    "salary": 870575,
    "salaryAboveSevenG": true,
    "salaryBasis": 1132700,
    "surplus": 580000,
    "total": 884752,
  },
  Object {
    "dividends": 315330,
    "salary": 862906,
    "salaryAboveSevenG": true,
    "salaryBasis": 1122700,
    "surplus": 590000,
    "total": 885770,
  },
  Object {
    "dividends": 320675,
    "salary": 855238,
    "salaryAboveSevenG": true,
    "salaryBasis": 1112700,
    "surplus": 600000,
    "total": 886791,
  },
  Object {
    "dividends": 326019,
    "salary": 847568,
    "salaryAboveSevenG": true,
    "salaryBasis": 1102700,
    "surplus": 610000,
    "total": 887809,
  },
  Object {
    "dividends": 331364,
    "salary": 839900,
    "salaryAboveSevenG": true,
    "salaryBasis": 1092700,
    "surplus": 620000,
    "total": 888830,
  },
  Object {
    "dividends": 336708,
    "salary": 832231,
    "salaryAboveSevenG": true,
    "salaryBasis": 1082700,
    "surplus": 630000,
    "total": 889849,
  },
  Object {
    "dividends": 342053,
    "salary": 824563,
    "salaryAboveSevenG": true,
    "salaryBasis": 1072700,
    "surplus": 640000,
    "total": 890868,
  },
  Object {
    "dividends": 347398,
    "salary": 816893,
    "salaryAboveSevenG": true,
    "salaryBasis": 1062700,
    "surplus": 650000,
    "total": 891887,
  },
  Object {
    "dividends": 352742,
    "salary": 809225,
    "salaryAboveSevenG": true,
    "salaryBasis": 1052700,
    "surplus": 660000,
    "total": 892907,
  },
  Object {
    "dividends": 358087,
    "salary": 801556,
    "salaryAboveSevenG": true,
    "salaryBasis": 1042700,
    "surplus": 670000,
    "total": 893927,
  },
  Object {
    "dividends": 363431,
    "salary": 793888,
    "salaryAboveSevenG": true,
    "salaryBasis": 1032700,
    "surplus": 680000,
    "total": 894947,
  },
  Object {
    "dividends": 368776,
    "salary": 786219,
    "salaryAboveSevenG": true,
    "salaryBasis": 1022700,
    "surplus": 690000,
    "total": 895966,
  },
  Object {
    "dividends": 374120,
    "salary": 778550,
    "salaryAboveSevenG": true,
    "salaryBasis": 1012700,
    "surplus": 700000,
    "total": 896983,
  },
  Object {
    "dividends": 379465,
    "salary": 770881,
    "salaryAboveSevenG": true,
    "salaryBasis": 1002700,
    "surplus": 710000,
    "total": 898003,
  },
  Object {
    "dividends": 384810,
    "salary": 763213,
    "salaryAboveSevenG": true,
    "salaryBasis": 992700,
    "surplus": 720000,
    "total": 899024,
  },
  Object {
    "dividends": 390154,
    "salary": 755544,
    "salaryAboveSevenG": true,
    "salaryBasis": 982700,
    "surplus": 730000,
    "total": 900043,
  },
  Object {
    "dividends": 395499,
    "salary": 747875,
    "salaryAboveSevenG": true,
    "salaryBasis": 972700,
    "surplus": 740000,
    "total": 901063,
  },
  Object {
    "dividends": 400843,
    "salary": 740206,
    "salaryAboveSevenG": true,
    "salaryBasis": 962700,
    "surplus": 750000,
    "total": 902081,
  },
  Object {
    "dividends": 406188,
    "salary": 732538,
    "salaryAboveSevenG": true,
    "salaryBasis": 952700,
    "surplus": 760000,
    "total": 903101,
  },
  Object {
    "dividends": 411532,
    "salary": 724869,
    "salaryAboveSevenG": true,
    "salaryBasis": 942700,
    "surplus": 770000,
    "total": 904120,
  },
  Object {
    "dividends": 416877,
    "salary": 717201,
    "salaryAboveSevenG": true,
    "salaryBasis": 932700,
    "surplus": 780000,
    "total": 905141,
  },
  Object {
    "dividends": 422222,
    "salary": 709532,
    "salaryAboveSevenG": true,
    "salaryBasis": 922700,
    "surplus": 790000,
    "total": 906160,
  },
  Object {
    "dividends": 427566,
    "salary": 701864,
    "salaryAboveSevenG": true,
    "salaryBasis": 912700,
    "surplus": 800000,
    "total": 907180,
  },
  Object {
    "dividends": 432911,
    "salary": 694195,
    "salaryAboveSevenG": true,
    "salaryBasis": 902700,
    "surplus": 810000,
    "total": 908200,
  },
  Object {
    "dividends": 438255,
    "salary": 686526,
    "salaryAboveSevenG": true,
    "salaryBasis": 892700,
    "surplus": 820000,
    "total": 909217,
  },
  Object {
    "dividends": 443600,
    "salary": 678857,
    "salaryAboveSevenG": true,
    "salaryBasis": 882700,
    "surplus": 830000,
    "total": 910237,
  },
  Object {
    "dividends": 448944,
    "salary": 671188,
    "salaryAboveSevenG": true,
    "salaryBasis": 872700,
    "surplus": 840000,
    "total": 911256,
  },
  Object {
    "dividends": 454289,
    "salary": 663519,
    "salaryAboveSevenG": true,
    "salaryBasis": 862700,
    "surplus": 850000,
    "total": 912275,
  },
  Object {
    "dividends": 459634,
    "salary": 655850,
    "salaryAboveSevenG": true,
    "salaryBasis": 852700,
    "surplus": 860000,
    "total": 913295,
  },
  Object {
    "dividends": 464978,
    "salary": 648182,
    "salaryAboveSevenG": true,
    "salaryBasis": 842700,
    "surplus": 870000,
    "total": 914315,
  },
  Object {
    "dividends": 470323,
    "salary": 640513,
    "salaryAboveSevenG": true,
    "salaryBasis": 832700,
    "surplus": 880000,
    "total": 915334,
  },
  Object {
    "dividends": 475667,
    "salary": 632845,
    "salaryAboveSevenG": true,
    "salaryBasis": 822700,
    "surplus": 890000,
    "total": 916353,
  },
  Object {
    "dividends": 481012,
    "salary": 625175,
    "salaryAboveSevenG": true,
    "salaryBasis": 812700,
    "surplus": 900000,
    "total": 917373,
  },
  Object {
    "dividends": 486356,
    "salary": 617507,
    "salaryAboveSevenG": true,
    "salaryBasis": 802700,
    "surplus": 910000,
    "total": 918392,
  },
  Object {
    "dividends": 491701,
    "salary": 609838,
    "salaryAboveSevenG": true,
    "salaryBasis": 792700,
    "surplus": 920000,
    "total": 919412,
  },
  Object {
    "dividends": 497046,
    "salary": 602170,
    "salaryAboveSevenG": true,
    "salaryBasis": 782700,
    "surplus": 930000,
    "total": 920433,
  },
  Object {
    "dividends": 502390,
    "salary": 594500,
    "salaryAboveSevenG": true,
    "salaryBasis": 772700,
    "surplus": 940000,
    "total": 921126,
  },
  Object {
    "dividends": 507735,
    "salary": 586832,
    "salaryAboveSevenG": true,
    "salaryBasis": 762700,
    "surplus": 950000,
    "total": 921448,
  },
  Object {
    "dividends": 513079,
    "salary": 579163,
    "salaryAboveSevenG": true,
    "salaryBasis": 752700,
    "surplus": 960000,
    "total": 921769,
  },
  Object {
    "dividends": 518424,
    "salary": 571495,
    "salaryAboveSevenG": true,
    "salaryBasis": 742700,
    "surplus": 970000,
    "total": 922092,
  },
  Object {
    "dividends": 523768,
    "salary": 563826,
    "salaryAboveSevenG": true,
    "salaryBasis": 732700,
    "surplus": 980000,
    "total": 922413,
  },
  Object {
    "dividends": 529113,
    "salary": 556157,
    "salaryAboveSevenG": true,
    "salaryBasis": 722700,
    "surplus": 990000,
    "total": 922735,
  },
  Object {
    "dividends": 534457,
    "salary": 548488,
    "salaryAboveSevenG": true,
    "salaryBasis": 712700,
    "surplus": 1000000,
    "total": 923055,
  },
  Object {
    "dividends": 539802,
    "salary": 540820,
    "salaryAboveSevenG": true,
    "salaryBasis": 702700,
    "surplus": 1010000,
    "total": 923377,
  },
  Object {
    "dividends": 545147,
    "salary": 533151,
    "salaryAboveSevenG": true,
    "salaryBasis": 692700,
    "surplus": 1020000,
    "total": 923699,
  },
  Object {
    "dividends": 550491,
    "salary": 525482,
    "salaryAboveSevenG": false,
    "salaryBasis": 682700,
    "surplus": 1030000,
    "total": 924020,
  },
  Object {
    "dividends": 555836,
    "salary": 517813,
    "salaryAboveSevenG": false,
    "salaryBasis": 672700,
    "surplus": 1040000,
    "total": 924342,
  },
  Object {
    "dividends": 561180,
    "salary": 510145,
    "salaryAboveSevenG": false,
    "salaryBasis": 662700,
    "surplus": 1050000,
    "total": 924663,
  },
  Object {
    "dividends": 566525,
    "salary": 502476,
    "salaryAboveSevenG": false,
    "salaryBasis": 652700,
    "surplus": 1060000,
    "total": 924984,
  },
  Object {
    "dividends": 571869,
    "salary": 494807,
    "salaryAboveSevenG": false,
    "salaryBasis": 642700,
    "surplus": 1070000,
    "total": 925306,
  },
  Object {
    "dividends": 577214,
    "salary": 487138,
    "salaryAboveSevenG": false,
    "salaryBasis": 632700,
    "surplus": 1080000,
    "total": 925628,
  },
  Object {
    "dividends": 582559,
    "salary": 479470,
    "salaryAboveSevenG": false,
    "salaryBasis": 622700,
    "surplus": 1090000,
    "total": 925951,
  },
  Object {
    "dividends": 587903,
    "salary": 471801,
    "salaryAboveSevenG": false,
    "salaryBasis": 612700,
    "surplus": 1100000,
    "total": 926272,
  },
  Object {
    "dividends": 593248,
    "salary": 464132,
    "salaryAboveSevenG": false,
    "salaryBasis": 602700,
    "surplus": 1110000,
    "total": 926593,
  },
  Object {
    "dividends": 598592,
    "salary": 456463,
    "salaryAboveSevenG": false,
    "salaryBasis": 592700,
    "surplus": 1120000,
    "total": 926914,
  },
  Object {
    "dividends": 603937,
    "salary": 448795,
    "salaryAboveSevenG": false,
    "salaryBasis": 582700,
    "surplus": 1130000,
    "total": 927236,
  },
  Object {
    "dividends": 609281,
    "salary": 441126,
    "salaryAboveSevenG": false,
    "salaryBasis": 572700,
    "surplus": 1140000,
    "total": 927557,
  },
  Object {
    "dividends": 614626,
    "salary": 433457,
    "salaryAboveSevenG": false,
    "salaryBasis": 562700,
    "surplus": 1150000,
    "total": 927879,
  },
  Object {
    "dividends": 619971,
    "salary": 425788,
    "salaryAboveSevenG": false,
    "salaryBasis": 552700,
    "surplus": 1160000,
    "total": 928201,
  },
  Object {
    "dividends": 625315,
    "salary": 418120,
    "salaryAboveSevenG": false,
    "salaryBasis": 542700,
    "surplus": 1170000,
    "total": 928522,
  },
  Object {
    "dividends": 630660,
    "salary": 410451,
    "salaryAboveSevenG": false,
    "salaryBasis": 532700,
    "surplus": 1180000,
    "total": 928844,
  },
  Object {
    "dividends": 636004,
    "salary": 402783,
    "salaryAboveSevenG": false,
    "salaryBasis": 522700,
    "surplus": 1190000,
    "total": 929165,
  },
  Object {
    "dividends": 641349,
    "salary": 395114,
    "salaryAboveSevenG": false,
    "salaryBasis": 512700,
    "surplus": 1200000,
    "total": 929487,
  },
  Object {
    "dividends": 646693,
    "salary": 387446,
    "salaryAboveSevenG": false,
    "salaryBasis": 502700,
    "surplus": 1210000,
    "total": 929808,
  },
  Object {
    "dividends": 652038,
    "salary": 379777,
    "salaryAboveSevenG": false,
    "salaryBasis": 492700,
    "surplus": 1220000,
    "total": 930131,
  },
  Object {
    "dividends": 657383,
    "salary": 372108,
    "salaryAboveSevenG": false,
    "salaryBasis": 482700,
    "surplus": 1230000,
    "total": 930453,
  },
  Object {
    "dividends": 662727,
    "salary": 364439,
    "salaryAboveSevenG": false,
    "salaryBasis": 472700,
    "surplus": 1240000,
    "total": 930774,
  },
  Object {
    "dividends": 668072,
    "salary": 356771,
    "salaryAboveSevenG": false,
    "salaryBasis": 462700,
    "surplus": 1250000,
    "total": 931095,
  },
  Object {
    "dividends": 673416,
    "salary": 349102,
    "salaryAboveSevenG": false,
    "salaryBasis": 452700,
    "surplus": 1260000,
    "total": 931416,
  },
  Object {
    "dividends": 678761,
    "salary": 341433,
    "salaryAboveSevenG": false,
    "salaryBasis": 442700,
    "surplus": 1270000,
    "total": 931738,
  },
  Object {
    "dividends": 684105,
    "salary": 333764,
    "salaryAboveSevenG": false,
    "salaryBasis": 432700,
    "surplus": 1280000,
    "total": 932059,
  },
  Object {
    "dividends": 689450,
    "salary": 326096,
    "salaryAboveSevenG": false,
    "salaryBasis": 422700,
    "surplus": 1290000,
    "total": 932382,
  },
  Object {
    "dividends": 694795,
    "salary": 318427,
    "salaryAboveSevenG": false,
    "salaryBasis": 412700,
    "surplus": 1300000,
    "total": 932703,
  },
  Object {
    "dividends": 700139,
    "salary": 310759,
    "salaryAboveSevenG": false,
    "salaryBasis": 402700,
    "surplus": 1310000,
    "total": 933024,
  },
  Object {
    "dividends": 705484,
    "salary": 303089,
    "salaryAboveSevenG": false,
    "salaryBasis": 392700,
    "surplus": 1320000,
    "total": 933345,
  },
  Object {
    "dividends": 710828,
    "salary": 295421,
    "salaryAboveSevenG": false,
    "salaryBasis": 382700,
    "surplus": 1330000,
    "total": 933667,
  },
  Object {
    "dividends": 716173,
    "salary": 287752,
    "salaryAboveSevenG": false,
    "salaryBasis": 372700,
    "surplus": 1340000,
    "total": 933989,
  },
  Object {
    "dividends": 721517,
    "salary": 280084,
    "salaryAboveSevenG": false,
    "salaryBasis": 362700,
    "surplus": 1350000,
    "total": 934310,
  },
  Object {
    "dividends": 726862,
    "salary": 272414,
    "salaryAboveSevenG": false,
    "salaryBasis": 352700,
    "surplus": 1360000,
    "total": 934633,
  },
  Object {
    "dividends": 732207,
    "salary": 264746,
    "salaryAboveSevenG": false,
    "salaryBasis": 342700,
    "surplus": 1370000,
    "total": 934954,
  },
  Object {
    "dividends": 737551,
    "salary": 257077,
    "salaryAboveSevenG": false,
    "salaryBasis": 332700,
    "surplus": 1380000,
    "total": 935275,
  },
  Object {
    "dividends": 742896,
    "salary": 249409,
    "salaryAboveSevenG": false,
    "salaryBasis": 322700,
    "surplus": 1390000,
    "total": 935598,
  },
  Object {
    "dividends": 748240,
    "salary": 241739,
    "salaryAboveSevenG": false,
    "salaryBasis": 312700,
    "surplus": 1400000,
    "total": 935918,
  },
  Object {
    "dividends": 753585,
    "salary": 234071,
    "salaryAboveSevenG": false,
    "salaryBasis": 302700,
    "surplus": 1410000,
    "total": 936167,
  },
  Object {
    "dividends": 758929,
    "salary": 226402,
    "salaryAboveSevenG": false,
    "salaryBasis": 292700,
    "surplus": 1420000,
    "total": 936342,
  },
  Object {
    "dividends": 764274,
    "salary": 218734,
    "salaryAboveSevenG": false,
    "salaryBasis": 282700,
    "surplus": 1430000,
    "total": 936518,
  },
  Object {
    "dividends": 769619,
    "salary": 211064,
    "salaryAboveSevenG": false,
    "salaryBasis": 272700,
    "surplus": 1440000,
    "total": 936089,
  },
  Object {
    "dividends": 774963,
    "salary": 203396,
    "salaryAboveSevenG": false,
    "salaryBasis": 262700,
    "surplus": 1450000,
    "total": 935471,
  },
  Object {
    "dividends": 780308,
    "salary": 195727,
    "salaryAboveSevenG": false,
    "salaryBasis": 252700,
    "surplus": 1460000,
    "total": 934853,
  },
  Object {
    "dividends": 785652,
    "salary": 188059,
    "salaryAboveSevenG": false,
    "salaryBasis": 242700,
    "surplus": 1470000,
    "total": 934236,
  },
  Object {
    "dividends": 790997,
    "salary": 180389,
    "salaryAboveSevenG": false,
    "salaryBasis": 232700,
    "surplus": 1480000,
    "total": 933617,
  },
  Object {
    "dividends": 796341,
    "salary": 172721,
    "salaryAboveSevenG": false,
    "salaryBasis": 222700,
    "surplus": 1490000,
    "total": 932998,
  },
  Object {
    "dividends": 801686,
    "salary": 165052,
    "salaryAboveSevenG": false,
    "salaryBasis": 212700,
    "surplus": 1500000,
    "total": 932325,
  },
  Object {
    "dividends": 807031,
    "salary": 157384,
    "salaryAboveSevenG": false,
    "salaryBasis": 202700,
    "surplus": 1510000,
    "total": 931601,
  },
  Object {
    "dividends": 812375,
    "salary": 149714,
    "salaryAboveSevenG": false,
    "salaryBasis": 192700,
    "surplus": 1520000,
    "total": 930875,
  },
  Object {
    "dividends": 817720,
    "salary": 142046,
    "salaryAboveSevenG": false,
    "salaryBasis": 182700,
    "surplus": 1530000,
    "total": 930151,
  },
  Object {
    "dividends": 823064,
    "salary": 134377,
    "salaryAboveSevenG": false,
    "salaryBasis": 172700,
    "surplus": 1540000,
    "total": 929425,
  },
  Object {
    "dividends": 828409,
    "salary": 126709,
    "salaryAboveSevenG": false,
    "salaryBasis": 162700,
    "surplus": 1550000,
    "total": 928700,
  },
  Object {
    "dividends": 833753,
    "salary": 119040,
    "salaryAboveSevenG": false,
    "salaryBasis": 152700,
    "surplus": 1560000,
    "total": 927974,
  },
  Object {
    "dividends": 839098,
    "salary": 111372,
    "salaryAboveSevenG": false,
    "salaryBasis": 142700,
    "surplus": 1570000,
    "total": 927250,
  },
  Object {
    "dividends": 844443,
    "salary": 103703,
    "salaryAboveSevenG": false,
    "salaryBasis": 132700,
    "surplus": 1580000,
    "total": 926525,
  },
  Object {
    "dividends": 849787,
    "salary": 96017,
    "salaryAboveSevenG": false,
    "salaryBasis": 122700,
    "surplus": 1590000,
    "total": 925785,
  },
  Object {
    "dividends": 855132,
    "salary": 88192,
    "salaryAboveSevenG": false,
    "salaryBasis": 112700,
    "surplus": 1600000,
    "total": 924937,
  },
  Object {
    "dividends": 860476,
    "salary": 80366,
    "salaryAboveSevenG": false,
    "salaryBasis": 102700,
    "surplus": 1610000,
    "total": 924086,
  },
  Object {
    "dividends": 865821,
    "salary": 72541,
    "salaryAboveSevenG": false,
    "salaryBasis": 92700,
    "surplus": 1620000,
    "total": 923238,
  },
  Object {
    "dividends": 871165,
    "salary": 64716,
    "salaryAboveSevenG": false,
    "salaryBasis": 82700,
    "surplus": 1630000,
    "total": 922389,
  },
  Object {
    "dividends": 876510,
    "salary": 56891,
    "salaryAboveSevenG": false,
    "salaryBasis": 72700,
    "surplus": 1640000,
    "total": 921540,
  },
  Object {
    "dividends": 881855,
    "salary": 49065,
    "salaryAboveSevenG": false,
    "salaryBasis": 62700,
    "surplus": 1650000,
    "total": 920691,
  },
  Object {
    "dividends": 887199,
    "salary": 41240,
    "salaryAboveSevenG": false,
    "salaryBasis": 52700,
    "surplus": 1660000,
    "total": 919842,
  },
  Object {
    "dividends": 892544,
    "salary": 33415,
    "salaryAboveSevenG": false,
    "salaryBasis": 42700,
    "surplus": 1670000,
    "total": 918992,
  },
  Object {
    "dividends": 897888,
    "salary": 25590,
    "salaryAboveSevenG": false,
    "salaryBasis": 32700,
    "surplus": 1680000,
    "total": 918143,
  },
  Object {
    "dividends": 903233,
    "salary": 17764,
    "salaryAboveSevenG": false,
    "salaryBasis": 22700,
    "surplus": 1690000,
    "total": 917294,
  },
  Object {
    "dividends": 908577,
    "salary": 9939,
    "salaryAboveSevenG": false,
    "salaryBasis": 12700,
    "surplus": 1700000,
    "total": 916445,
  },
]
`;
