// Jest Snapshot v1, https://goo.gl/fbAQLP

exports[`optimal-surplus should return calculations for a range of different surplus 1`] = `
Array [
  Object {
    "dividends": 0,
    "grossIncome": 1318257,
    "netIncome": 834690,
    "salaryAboveSevenG": true,
    "salaryBasis": 1712700,
    "surplus": 0,
    "total": 834690,
  },
  Object {
    "dividends": 5329,
    "grossIncome": 1310432,
    "netIncome": 830496,
    "salaryAboveSevenG": true,
    "salaryBasis": 1702700,
    "surplus": 10000,
    "total": 835825,
  },
  Object {
    "dividends": 10658,
    "grossIncome": 1302607,
    "netIncome": 826303,
    "salaryAboveSevenG": true,
    "salaryBasis": 1692700,
    "surplus": 20000,
    "total": 836961,
  },
  Object {
    "dividends": 15987,
    "grossIncome": 1294782,
    "netIncome": 822107,
    "salaryAboveSevenG": true,
    "salaryBasis": 1682700,
    "surplus": 30000,
    "total": 838094,
  },
  Object {
    "dividends": 21316,
    "grossIncome": 1286957,
    "netIncome": 817914,
    "salaryAboveSevenG": true,
    "salaryBasis": 1672700,
    "surplus": 40000,
    "total": 839230,
  },
  Object {
    "dividends": 26645,
    "grossIncome": 1279132,
    "netIncome": 813720,
    "salaryAboveSevenG": true,
    "salaryBasis": 1662700,
    "surplus": 50000,
    "total": 840365,
  },
  Object {
    "dividends": 31974,
    "grossIncome": 1271307,
    "netIncome": 809525,
    "salaryAboveSevenG": true,
    "salaryBasis": 1652700,
    "surplus": 60000,
    "total": 841499,
  },
  Object {
    "dividends": 37303,
    "grossIncome": 1263482,
    "netIncome": 805331,
    "salaryAboveSevenG": true,
    "salaryBasis": 1642700,
    "surplus": 70000,
    "total": 842634,
  },
  Object {
    "dividends": 42632,
    "grossIncome": 1255656,
    "netIncome": 801137,
    "salaryAboveSevenG": true,
    "salaryBasis": 1632700,
    "surplus": 80000,
    "total": 843769,
  },
  Object {
    "dividends": 47961,
    "grossIncome": 1247831,
    "netIncome": 796942,
    "salaryAboveSevenG": true,
    "salaryBasis": 1622700,
    "surplus": 90000,
    "total": 844903,
  },
  Object {
    "dividends": 53290,
    "grossIncome": 1240006,
    "netIncome": 792748,
    "salaryAboveSevenG": true,
    "salaryBasis": 1612700,
    "surplus": 100000,
    "total": 846038,
  },
  Object {
    "dividends": 58619,
    "grossIncome": 1232181,
    "netIncome": 788555,
    "salaryAboveSevenG": true,
    "salaryBasis": 1602700,
    "surplus": 110000,
    "total": 847174,
  },
  Object {
    "dividends": 63948,
    "grossIncome": 1224355,
    "netIncome": 784359,
    "salaryAboveSevenG": true,
    "salaryBasis": 1592700,
    "surplus": 120000,
    "total": 848307,
  },
  Object {
    "dividends": 69277,
    "grossIncome": 1216530,
    "netIncome": 780165,
    "salaryAboveSevenG": true,
    "salaryBasis": 1582700,
    "surplus": 130000,
    "total": 849442,
  },
  Object {
    "dividends": 74606,
    "grossIncome": 1208705,
    "netIncome": 775971,
    "salaryAboveSevenG": true,
    "salaryBasis": 1572700,
    "surplus": 140000,
    "total": 850577,
  },
  Object {
    "dividends": 79935,
    "grossIncome": 1200880,
    "netIncome": 771777,
    "salaryAboveSevenG": true,
    "salaryBasis": 1562700,
    "surplus": 150000,
    "total": 851712,
  },
  Object {
    "dividends": 85264,
    "grossIncome": 1193054,
    "netIncome": 767582,
    "salaryAboveSevenG": true,
    "salaryBasis": 1552700,
    "surplus": 160000,
    "total": 852846,
  },
  Object {
    "dividends": 90593,
    "grossIncome": 1185229,
    "netIncome": 763388,
    "salaryAboveSevenG": true,
    "salaryBasis": 1542700,
    "surplus": 170000,
    "total": 853981,
  },
  Object {
    "dividends": 95922,
    "grossIncome": 1177404,
    "netIncome": 759194,
    "salaryAboveSevenG": true,
    "salaryBasis": 1532700,
    "surplus": 180000,
    "total": 855116,
  },
  Object {
    "dividends": 101251,
    "grossIncome": 1169714,
    "netIncome": 755071,
    "salaryAboveSevenG": true,
    "salaryBasis": 1522700,
    "surplus": 190000,
    "total": 856322,
  },
  Object {
    "dividends": 106580,
    "grossIncome": 1162045,
    "netIncome": 750962,
    "salaryAboveSevenG": true,
    "salaryBasis": 1512700,
    "surplus": 200000,
    "total": 857542,
  },
  Object {
    "dividends": 111909,
    "grossIncome": 1154376,
    "netIncome": 746851,
    "salaryAboveSevenG": true,
    "salaryBasis": 1502700,
    "surplus": 210000,
    "total": 858760,
  },
  Object {
    "dividends": 117238,
    "grossIncome": 1146708,
    "netIncome": 742740,
    "salaryAboveSevenG": true,
    "salaryBasis": 1492700,
    "surplus": 220000,
    "total": 859978,
  },
  Object {
    "dividends": 122567,
    "grossIncome": 1139039,
    "netIncome": 738630,
    "salaryAboveSevenG": true,
    "salaryBasis": 1482700,
    "surplus": 230000,
    "total": 861197,
  },
  Object {
    "dividends": 127896,
    "grossIncome": 1131370,
    "netIncome": 734519,
    "salaryAboveSevenG": true,
    "salaryBasis": 1472700,
    "surplus": 240000,
    "total": 862415,
  },
  Object {
    "dividends": 133224,
    "grossIncome": 1123701,
    "netIncome": 730409,
    "salaryAboveSevenG": true,
    "salaryBasis": 1462700,
    "surplus": 250000,
    "total": 863633,
  },
  Object {
    "dividends": 138553,
    "grossIncome": 1116033,
    "netIncome": 726299,
    "salaryAboveSevenG": true,
    "salaryBasis": 1452700,
    "surplus": 260000,
    "total": 864852,
  },
  Object {
    "dividends": 143882,
    "grossIncome": 1108364,
    "netIncome": 722188,
    "salaryAboveSevenG": true,
    "salaryBasis": 1442700,
    "surplus": 270000,
    "total": 866070,
  },
  Object {
    "dividends": 149211,
    "grossIncome": 1100695,
    "netIncome": 718079,
    "salaryAboveSevenG": true,
    "salaryBasis": 1432700,
    "surplus": 280000,
    "total": 867290,
  },
  Object {
    "dividends": 154540,
    "grossIncome": 1093026,
    "netIncome": 713967,
    "salaryAboveSevenG": true,
    "salaryBasis": 1422700,
    "surplus": 290000,
    "total": 868507,
  },
  Object {
    "dividends": 159869,
    "grossIncome": 1085358,
    "netIncome": 709857,
    "salaryAboveSevenG": true,
    "salaryBasis": 1412700,
    "surplus": 300000,
    "total": 869726,
  },
  Object {
    "dividends": 165198,
    "grossIncome": 1077689,
    "netIncome": 705746,
    "salaryAboveSevenG": true,
    "salaryBasis": 1402700,
    "surplus": 310000,
    "total": 870944,
  },
  Object {
    "dividends": 170527,
    "grossIncome": 1070020,
    "netIncome": 701636,
    "salaryAboveSevenG": true,
    "salaryBasis": 1392700,
    "surplus": 320000,
    "total": 872163,
  },
  Object {
    "dividends": 175856,
    "grossIncome": 1062351,
    "netIncome": 697525,
    "salaryAboveSevenG": true,
    "salaryBasis": 1382700,
    "surplus": 330000,
    "total": 873381,
  },
  Object {
    "dividends": 181185,
    "grossIncome": 1054683,
    "netIncome": 693414,
    "salaryAboveSevenG": true,
    "salaryBasis": 1372700,
    "surplus": 340000,
    "total": 874599,
  },
  Object {
    "dividends": 186514,
    "grossIncome": 1047014,
    "netIncome": 689304,
    "salaryAboveSevenG": true,
    "salaryBasis": 1362700,
    "surplus": 350000,
    "total": 875818,
  },
  Object {
    "dividends": 191843,
    "grossIncome": 1039346,
    "netIncome": 685194,
    "salaryAboveSevenG": true,
    "salaryBasis": 1352700,
    "surplus": 360000,
    "total": 877037,
  },
  Object {
    "dividends": 197172,
    "grossIncome": 1031676,
    "netIncome": 681084,
    "salaryAboveSevenG": true,
    "salaryBasis": 1342700,
    "surplus": 370000,
    "total": 878256,
  },
  Object {
    "dividends": 202501,
    "grossIncome": 1024008,
    "netIncome": 676974,
    "salaryAboveSevenG": true,
    "salaryBasis": 1332700,
    "surplus": 380000,
    "total": 879475,
  },
  Object {
    "dividends": 207830,
    "grossIncome": 1016339,
    "netIncome": 672863,
    "salaryAboveSevenG": true,
    "salaryBasis": 1322700,
    "surplus": 390000,
    "total": 880693,
  },
  Object {
    "dividends": 213159,
    "grossIncome": 1008671,
    "netIncome": 668752,
    "salaryAboveSevenG": true,
    "salaryBasis": 1312700,
    "surplus": 400000,
    "total": 881911,
  },
  Object {
    "dividends": 218488,
    "grossIncome": 1001002,
    "netIncome": 664642,
    "salaryAboveSevenG": true,
    "salaryBasis": 1302700,
    "surplus": 410000,
    "total": 883130,
  },
  Object {
    "dividends": 223817,
    "grossIncome": 993334,
    "netIncome": 660532,
    "salaryAboveSevenG": true,
    "salaryBasis": 1292700,
    "surplus": 420000,
    "total": 884349,
  },
  Object {
    "dividends": 229146,
    "grossIncome": 985665,
    "netIncome": 656421,
    "salaryAboveSevenG": true,
    "salaryBasis": 1282700,
    "surplus": 430000,
    "total": 885567,
  },
  Object {
    "dividends": 234475,
    "grossIncome": 977997,
    "netIncome": 652312,
    "salaryAboveSevenG": true,
    "salaryBasis": 1272700,
    "surplus": 440000,
    "total": 886787,
  },
  Object {
    "dividends": 239804,
    "grossIncome": 970327,
    "netIncome": 648201,
    "salaryAboveSevenG": true,
    "salaryBasis": 1262700,
    "surplus": 450000,
    "total": 888005,
  },
  Object {
    "dividends": 245133,
    "grossIncome": 962659,
    "netIncome": 644026,
    "salaryAboveSevenG": true,
    "salaryBasis": 1252700,
    "surplus": 460000,
    "total": 889159,
  },
  Object {
    "dividends": 250462,
    "grossIncome": 954990,
    "netIncome": 639685,
    "salaryAboveSevenG": true,
    "salaryBasis": 1242700,
    "surplus": 470000,
    "total": 890147,
  },
  Object {
    "dividends": 255791,
    "grossIncome": 947322,
    "netIncome": 635345,
    "salaryAboveSevenG": true,
    "salaryBasis": 1232700,
    "surplus": 480000,
    "total": 891136,
  },
  Object {
    "dividends": 261120,
    "grossIncome": 939653,
    "netIncome": 631004,
    "salaryAboveSevenG": true,
    "salaryBasis": 1222700,
    "surplus": 490000,
    "total": 892124,
  },
  Object {
    "dividends": 266448,
    "grossIncome": 931984,
    "netIncome": 626664,
    "salaryAboveSevenG": true,
    "salaryBasis": 1212700,
    "surplus": 500000,
    "total": 893112,
  },
  Object {
    "dividends": 271777,
    "grossIncome": 924316,
    "netIncome": 622324,
    "salaryAboveSevenG": true,
    "salaryBasis": 1202700,
    "surplus": 510000,
    "total": 894101,
  },
  Object {
    "dividends": 277106,
    "grossIncome": 916647,
    "netIncome": 617982,
    "salaryAboveSevenG": true,
    "salaryBasis": 1192700,
    "surplus": 520000,
    "total": 895088,
  },
  Object {
    "dividends": 282435,
    "grossIncome": 908978,
    "netIncome": 613641,
    "salaryAboveSevenG": true,
    "salaryBasis": 1182700,
    "surplus": 530000,
    "total": 896076,
  },
  Object {
    "dividends": 287764,
    "grossIncome": 901309,
    "netIncome": 609302,
    "salaryAboveSevenG": true,
    "salaryBasis": 1172700,
    "surplus": 540000,
    "total": 897066,
  },
  Object {
    "dividends": 293093,
    "grossIncome": 893641,
    "netIncome": 604961,
    "salaryAboveSevenG": true,
    "salaryBasis": 1162700,
    "surplus": 550000,
    "total": 898054,
  },
  Object {
    "dividends": 298422,
    "grossIncome": 885972,
    "netIncome": 600621,
    "salaryAboveSevenG": true,
    "salaryBasis": 1152700,
    "surplus": 560000,
    "total": 899043,
  },
  Object {
    "dividends": 303751,
    "grossIncome": 878303,
    "netIncome": 596281,
    "salaryAboveSevenG": true,
    "salaryBasis": 1142700,
    "surplus": 570000,
    "total": 900032,
  },
  Object {
    "dividends": 309080,
    "grossIncome": 870634,
    "netIncome": 591940,
    "salaryAboveSevenG": true,
    "salaryBasis": 1132700,
    "surplus": 580000,
    "total": 901020,
  },
  Object {
    "dividends": 314409,
    "grossIncome": 862966,
    "netIncome": 587599,
    "salaryAboveSevenG": true,
    "salaryBasis": 1122700,
    "surplus": 590000,
    "total": 902008,
  },
  Object {
    "dividends": 319738,
    "grossIncome": 855297,
    "netIncome": 583258,
    "salaryAboveSevenG": true,
    "salaryBasis": 1112700,
    "surplus": 600000,
    "total": 902996,
  },
  Object {
    "dividends": 325067,
    "grossIncome": 847628,
    "netIncome": 578918,
    "salaryAboveSevenG": true,
    "salaryBasis": 1102700,
    "surplus": 610000,
    "total": 903985,
  },
  Object {
    "dividends": 330396,
    "grossIncome": 839959,
    "netIncome": 574578,
    "salaryAboveSevenG": true,
    "salaryBasis": 1092700,
    "surplus": 620000,
    "total": 904974,
  },
  Object {
    "dividends": 335725,
    "grossIncome": 832291,
    "netIncome": 570237,
    "salaryAboveSevenG": true,
    "salaryBasis": 1082700,
    "surplus": 630000,
    "total": 905962,
  },
  Object {
    "dividends": 341054,
    "grossIncome": 824622,
    "netIncome": 565896,
    "salaryAboveSevenG": true,
    "salaryBasis": 1072700,
    "surplus": 640000,
    "total": 906950,
  },
  Object {
    "dividends": 346383,
    "grossIncome": 816953,
    "netIncome": 561556,
    "salaryAboveSevenG": true,
    "salaryBasis": 1062700,
    "surplus": 650000,
    "total": 907939,
  },
  Object {
    "dividends": 351712,
    "grossIncome": 809284,
    "netIncome": 557215,
    "salaryAboveSevenG": true,
    "salaryBasis": 1052700,
    "surplus": 660000,
    "total": 908927,
  },
  Object {
    "dividends": 357041,
    "grossIncome": 801616,
    "netIncome": 552875,
    "salaryAboveSevenG": true,
    "salaryBasis": 1042700,
    "surplus": 670000,
    "total": 909916,
  },
  Object {
    "dividends": 362370,
    "grossIncome": 793947,
    "netIncome": 548534,
    "salaryAboveSevenG": true,
    "salaryBasis": 1032700,
    "surplus": 680000,
    "total": 910904,
  },
  Object {
    "dividends": 367699,
    "grossIncome": 786279,
    "netIncome": 544195,
    "salaryAboveSevenG": true,
    "salaryBasis": 1022700,
    "surplus": 690000,
    "total": 911894,
  },
  Object {
    "dividends": 373028,
    "grossIncome": 778609,
    "netIncome": 539854,
    "salaryAboveSevenG": true,
    "salaryBasis": 1012700,
    "surplus": 700000,
    "total": 912882,
  },
  Object {
    "dividends": 378357,
    "grossIncome": 770941,
    "netIncome": 535512,
    "salaryAboveSevenG": true,
    "salaryBasis": 1002700,
    "surplus": 710000,
    "total": 913869,
  },
  Object {
    "dividends": 383686,
    "grossIncome": 763272,
    "netIncome": 531173,
    "salaryAboveSevenG": true,
    "salaryBasis": 992700,
    "surplus": 720000,
    "total": 914859,
  },
  Object {
    "dividends": 389015,
    "grossIncome": 755604,
    "netIncome": 526833,
    "salaryAboveSevenG": true,
    "salaryBasis": 982700,
    "surplus": 730000,
    "total": 915848,
  },
  Object {
    "dividends": 394344,
    "grossIncome": 747934,
    "netIncome": 522491,
    "salaryAboveSevenG": true,
    "salaryBasis": 972700,
    "surplus": 740000,
    "total": 916835,
  },
  Object {
    "dividends": 399672,
    "grossIncome": 740266,
    "netIncome": 518151,
    "salaryAboveSevenG": true,
    "salaryBasis": 962700,
    "surplus": 750000,
    "total": 917823,
  },
  Object {
    "dividends": 405001,
    "grossIncome": 732597,
    "netIncome": 513811,
    "salaryAboveSevenG": true,
    "salaryBasis": 952700,
    "surplus": 760000,
    "total": 918812,
  },
  Object {
    "dividends": 410330,
    "grossIncome": 724929,
    "netIncome": 509470,
    "salaryAboveSevenG": true,
    "salaryBasis": 942700,
    "surplus": 770000,
    "total": 919800,
  },
  Object {
    "dividends": 415659,
    "grossIncome": 717260,
    "netIncome": 505129,
    "salaryAboveSevenG": true,
    "salaryBasis": 932700,
    "surplus": 780000,
    "total": 920788,
  },
  Object {
    "dividends": 420988,
    "grossIncome": 709592,
    "netIncome": 500789,
    "salaryAboveSevenG": true,
    "salaryBasis": 922700,
    "surplus": 790000,
    "total": 921777,
  },
  Object {
    "dividends": 426317,
    "grossIncome": 701923,
    "netIncome": 496449,
    "salaryAboveSevenG": false,
    "salaryBasis": 912700,
    "surplus": 800000,
    "total": 922766,
  },
  Object {
    "dividends": 431646,
    "grossIncome": 694254,
    "netIncome": 492109,
    "salaryAboveSevenG": false,
    "salaryBasis": 902700,
    "surplus": 810000,
    "total": 923755,
  },
  Object {
    "dividends": 436975,
    "grossIncome": 686584,
    "netIncome": 487767,
    "salaryAboveSevenG": false,
    "salaryBasis": 892700,
    "surplus": 820000,
    "total": 924742,
  },
  Object {
    "dividends": 442304,
    "grossIncome": 678916,
    "netIncome": 483427,
    "salaryAboveSevenG": false,
    "salaryBasis": 882700,
    "surplus": 830000,
    "total": 925731,
  },
  Object {
    "dividends": 447633,
    "grossIncome": 671247,
    "netIncome": 479086,
    "salaryAboveSevenG": false,
    "salaryBasis": 872700,
    "surplus": 840000,
    "total": 926719,
  },
  Object {
    "dividends": 452962,
    "grossIncome": 663579,
    "netIncome": 474746,
    "salaryAboveSevenG": false,
    "salaryBasis": 862700,
    "surplus": 850000,
    "total": 927708,
  },
  Object {
    "dividends": 458291,
    "grossIncome": 655910,
    "netIncome": 470405,
    "salaryAboveSevenG": false,
    "salaryBasis": 852700,
    "surplus": 860000,
    "total": 928696,
  },
  Object {
    "dividends": 463620,
    "grossIncome": 648241,
    "netIncome": 466065,
    "salaryAboveSevenG": false,
    "salaryBasis": 842700,
    "surplus": 870000,
    "total": 929685,
  },
  Object {
    "dividends": 468949,
    "grossIncome": 640573,
    "netIncome": 461725,
    "salaryAboveSevenG": false,
    "salaryBasis": 832700,
    "surplus": 880000,
    "total": 930674,
  },
  Object {
    "dividends": 474278,
    "grossIncome": 632904,
    "netIncome": 457384,
    "salaryAboveSevenG": false,
    "salaryBasis": 822700,
    "surplus": 890000,
    "total": 931662,
  },
  Object {
    "dividends": 479607,
    "grossIncome": 625235,
    "netIncome": 453043,
    "salaryAboveSevenG": false,
    "salaryBasis": 812700,
    "surplus": 900000,
    "total": 932650,
  },
  Object {
    "dividends": 484936,
    "grossIncome": 617566,
    "netIncome": 448703,
    "salaryAboveSevenG": false,
    "salaryBasis": 802700,
    "surplus": 910000,
    "total": 933639,
  },
  Object {
    "dividends": 490265,
    "grossIncome": 609898,
    "netIncome": 443678,
    "salaryAboveSevenG": false,
    "salaryBasis": 792700,
    "surplus": 920000,
    "total": 933943,
  },
  Object {
    "dividends": 495594,
    "grossIncome": 602229,
    "netIncome": 438647,
    "salaryAboveSevenG": false,
    "salaryBasis": 782700,
    "surplus": 930000,
    "total": 934241,
  },
  Object {
    "dividends": 500923,
    "grossIncome": 594560,
    "netIncome": 433616,
    "salaryAboveSevenG": false,
    "salaryBasis": 772700,
    "surplus": 940000,
    "total": 934539,
  },
  Object {
    "dividends": 506252,
    "grossIncome": 586891,
    "netIncome": 428584,
    "salaryAboveSevenG": false,
    "salaryBasis": 762700,
    "surplus": 950000,
    "total": 934836,
  },
  Object {
    "dividends": 511581,
    "grossIncome": 579223,
    "netIncome": 423554,
    "salaryAboveSevenG": false,
    "salaryBasis": 752700,
    "surplus": 960000,
    "total": 935135,
  },
  Object {
    "dividends": 516910,
    "grossIncome": 571554,
    "netIncome": 418525,
    "salaryAboveSevenG": false,
    "salaryBasis": 742700,
    "surplus": 970000,
    "total": 935435,
  },
  Object {
    "dividends": 522239,
    "grossIncome": 563886,
    "netIncome": 413495,
    "salaryAboveSevenG": false,
    "salaryBasis": 732700,
    "surplus": 980000,
    "total": 935734,
  },
  Object {
    "dividends": 527568,
    "grossIncome": 556216,
    "netIncome": 408463,
    "salaryAboveSevenG": false,
    "salaryBasis": 722700,
    "surplus": 990000,
    "total": 936031,
  },
  Object {
    "dividends": 532896,
    "grossIncome": 548548,
    "netIncome": 403433,
    "salaryAboveSevenG": false,
    "salaryBasis": 712700,
    "surplus": 1000000,
    "total": 936329,
  },
  Object {
    "dividends": 538225,
    "grossIncome": 540879,
    "netIncome": 398401,
    "salaryAboveSevenG": false,
    "salaryBasis": 702700,
    "surplus": 1010000,
    "total": 936626,
  },
  Object {
    "dividends": 543554,
    "grossIncome": 533211,
    "netIncome": 393371,
    "salaryAboveSevenG": false,
    "salaryBasis": 692700,
    "surplus": 1020000,
    "total": 936925,
  },
  Object {
    "dividends": 548883,
    "grossIncome": 525541,
    "netIncome": 388339,
    "salaryAboveSevenG": false,
    "salaryBasis": 682700,
    "surplus": 1030000,
    "total": 937222,
  },
  Object {
    "dividends": 554212,
    "grossIncome": 517873,
    "netIncome": 383309,
    "salaryAboveSevenG": false,
    "salaryBasis": 672700,
    "surplus": 1040000,
    "total": 937521,
  },
  Object {
    "dividends": 559541,
    "grossIncome": 510204,
    "netIncome": 378279,
    "salaryAboveSevenG": false,
    "salaryBasis": 662700,
    "surplus": 1050000,
    "total": 937820,
  },
  Object {
    "dividends": 564870,
    "grossIncome": 502536,
    "netIncome": 373249,
    "salaryAboveSevenG": false,
    "salaryBasis": 652700,
    "surplus": 1060000,
    "total": 938119,
  },
  Object {
    "dividends": 570199,
    "grossIncome": 494866,
    "netIncome": 368216,
    "salaryAboveSevenG": false,
    "salaryBasis": 642700,
    "surplus": 1070000,
    "total": 938415,
  },
  Object {
    "dividends": 575528,
    "grossIncome": 487198,
    "netIncome": 363186,
    "salaryAboveSevenG": false,
    "salaryBasis": 632700,
    "surplus": 1080000,
    "total": 938714,
  },
  Object {
    "dividends": 580857,
    "grossIncome": 479529,
    "netIncome": 358156,
    "salaryAboveSevenG": false,
    "salaryBasis": 622700,
    "surplus": 1090000,
    "total": 939013,
  },
  Object {
    "dividends": 586186,
    "grossIncome": 471861,
    "netIncome": 353126,
    "salaryAboveSevenG": false,
    "salaryBasis": 612700,
    "surplus": 1100000,
    "total": 939312,
  },
  Object {
    "dividends": 591515,
    "grossIncome": 464191,
    "netIncome": 348094,
    "salaryAboveSevenG": false,
    "salaryBasis": 602700,
    "surplus": 1110000,
    "total": 939609,
  },
  Object {
    "dividends": 596844,
    "grossIncome": 456523,
    "netIncome": 343064,
    "salaryAboveSevenG": false,
    "salaryBasis": 592700,
    "surplus": 1120000,
    "total": 939908,
  },
  Object {
    "dividends": 602173,
    "grossIncome": 448854,
    "netIncome": 338033,
    "salaryAboveSevenG": false,
    "salaryBasis": 582700,
    "surplus": 1130000,
    "total": 940206,
  },
  Object {
    "dividends": 607502,
    "grossIncome": 441186,
    "netIncome": 333003,
    "salaryAboveSevenG": false,
    "salaryBasis": 572700,
    "surplus": 1140000,
    "total": 940505,
  },
  Object {
    "dividends": 612831,
    "grossIncome": 433516,
    "netIncome": 327971,
    "salaryAboveSevenG": false,
    "salaryBasis": 562700,
    "surplus": 1150000,
    "total": 940802,
  },
  Object {
    "dividends": 618160,
    "grossIncome": 425848,
    "netIncome": 322941,
    "salaryAboveSevenG": false,
    "salaryBasis": 552700,
    "surplus": 1160000,
    "total": 941101,
  },
  Object {
    "dividends": 623489,
    "grossIncome": 418179,
    "netIncome": 317910,
    "salaryAboveSevenG": false,
    "salaryBasis": 542700,
    "surplus": 1170000,
    "total": 941399,
  },
  Object {
    "dividends": 628818,
    "grossIncome": 410511,
    "netIncome": 312880,
    "salaryAboveSevenG": false,
    "salaryBasis": 532700,
    "surplus": 1180000,
    "total": 941698,
  },
  Object {
    "dividends": 634147,
    "grossIncome": 402842,
    "netIncome": 307848,
    "salaryAboveSevenG": false,
    "salaryBasis": 522700,
    "surplus": 1190000,
    "total": 941995,
  },
  Object {
    "dividends": 639476,
    "grossIncome": 395174,
    "netIncome": 302818,
    "salaryAboveSevenG": false,
    "salaryBasis": 512700,
    "surplus": 1200000,
    "total": 942294,
  },
  Object {
    "dividends": 644805,
    "grossIncome": 387505,
    "netIncome": 297788,
    "salaryAboveSevenG": false,
    "salaryBasis": 502700,
    "surplus": 1210000,
    "total": 942593,
  },
  Object {
    "dividends": 650134,
    "grossIncome": 379837,
    "netIncome": 292758,
    "salaryAboveSevenG": false,
    "salaryBasis": 492700,
    "surplus": 1220000,
    "total": 942892,
  },
  Object {
    "dividends": 655463,
    "grossIncome": 372167,
    "netIncome": 287727,
    "salaryAboveSevenG": false,
    "salaryBasis": 482700,
    "surplus": 1230000,
    "total": 943190,
  },
  Object {
    "dividends": 660792,
    "grossIncome": 364499,
    "netIncome": 282697,
    "salaryAboveSevenG": false,
    "salaryBasis": 472700,
    "surplus": 1240000,
    "total": 943489,
  },
  Object {
    "dividends": 666120,
    "grossIncome": 356830,
    "netIncome": 277665,
    "salaryAboveSevenG": false,
    "salaryBasis": 462700,
    "surplus": 1250000,
    "total": 943785,
  },
  Object {
    "dividends": 671449,
    "grossIncome": 349162,
    "netIncome": 272635,
    "salaryAboveSevenG": false,
    "salaryBasis": 452700,
    "surplus": 1260000,
    "total": 944084,
  },
  Object {
    "dividends": 676778,
    "grossIncome": 341492,
    "netIncome": 267603,
    "salaryAboveSevenG": false,
    "salaryBasis": 442700,
    "surplus": 1270000,
    "total": 944381,
  },
  Object {
    "dividends": 682107,
    "grossIncome": 333824,
    "netIncome": 262573,
    "salaryAboveSevenG": false,
    "salaryBasis": 432700,
    "surplus": 1280000,
    "total": 944680,
  },
  Object {
    "dividends": 687436,
    "grossIncome": 326155,
    "netIncome": 257542,
    "salaryAboveSevenG": false,
    "salaryBasis": 422700,
    "surplus": 1290000,
    "total": 944978,
  },
  Object {
    "dividends": 692765,
    "grossIncome": 318487,
    "netIncome": 252512,
    "salaryAboveSevenG": false,
    "salaryBasis": 412700,
    "surplus": 1300000,
    "total": 945277,
  },
  Object {
    "dividends": 698094,
    "grossIncome": 310818,
    "netIncome": 247481,
    "salaryAboveSevenG": false,
    "salaryBasis": 402700,
    "surplus": 1310000,
    "total": 945575,
  },
  Object {
    "dividends": 703423,
    "grossIncome": 303149,
    "netIncome": 242451,
    "salaryAboveSevenG": false,
    "salaryBasis": 392700,
    "surplus": 1320000,
    "total": 945874,
  },
  Object {
    "dividends": 708752,
    "grossIncome": 295480,
    "netIncome": 237420,
    "salaryAboveSevenG": false,
    "salaryBasis": 382700,
    "surplus": 1330000,
    "total": 946172,
  },
  Object {
    "dividends": 714081,
    "grossIncome": 287812,
    "netIncome": 232390,
    "salaryAboveSevenG": false,
    "salaryBasis": 372700,
    "surplus": 1340000,
    "total": 946471,
  },
  Object {
    "dividends": 719410,
    "grossIncome": 280143,
    "netIncome": 227359,
    "salaryAboveSevenG": false,
    "salaryBasis": 362700,
    "surplus": 1350000,
    "total": 946769,
  },
  Object {
    "dividends": 724739,
    "grossIncome": 272474,
    "netIncome": 222328,
    "salaryAboveSevenG": false,
    "salaryBasis": 352700,
    "surplus": 1360000,
    "total": 947067,
  },
  Object {
    "dividends": 730068,
    "grossIncome": 264805,
    "netIncome": 217296,
    "salaryAboveSevenG": false,
    "salaryBasis": 342700,
    "surplus": 1370000,
    "total": 947364,
  },
  Object {
    "dividends": 735397,
    "grossIncome": 257137,
    "netIncome": 212266,
    "salaryAboveSevenG": false,
    "salaryBasis": 332700,
    "surplus": 1380000,
    "total": 947663,
  },
  Object {
    "dividends": 740726,
    "grossIncome": 249468,
    "netIncome": 207236,
    "salaryAboveSevenG": false,
    "salaryBasis": 322700,
    "surplus": 1390000,
    "total": 947962,
  },
  Object {
    "dividends": 746055,
    "grossIncome": 241799,
    "netIncome": 202116,
    "salaryAboveSevenG": false,
    "salaryBasis": 312700,
    "surplus": 1400000,
    "total": 948171,
  },
  Object {
    "dividends": 751384,
    "grossIncome": 234130,
    "netIncome": 196909,
    "salaryAboveSevenG": false,
    "salaryBasis": 302700,
    "surplus": 1410000,
    "total": 948293,
  },
  Object {
    "dividends": 756713,
    "grossIncome": 226462,
    "netIncome": 191702,
    "salaryAboveSevenG": false,
    "salaryBasis": 292700,
    "surplus": 1420000,
    "total": 948415,
  },
  Object {
    "dividends": 762042,
    "grossIncome": 218793,
    "netIncome": 185978,
    "salaryAboveSevenG": false,
    "salaryBasis": 282700,
    "surplus": 1430000,
    "total": 948020,
  },
  Object {
    "dividends": 767371,
    "grossIncome": 211124,
    "netIncome": 180012,
    "salaryAboveSevenG": false,
    "salaryBasis": 272700,
    "surplus": 1440000,
    "total": 947383,
  },
  Object {
    "dividends": 772700,
    "grossIncome": 203455,
    "netIncome": 174045,
    "salaryAboveSevenG": false,
    "salaryBasis": 262700,
    "surplus": 1450000,
    "total": 946745,
  },
  Object {
    "dividends": 778029,
    "grossIncome": 195787,
    "netIncome": 168080,
    "salaryAboveSevenG": false,
    "salaryBasis": 252700,
    "surplus": 1460000,
    "total": 946109,
  },
  Object {
    "dividends": 783358,
    "grossIncome": 188118,
    "netIncome": 162114,
    "salaryAboveSevenG": false,
    "salaryBasis": 242700,
    "surplus": 1470000,
    "total": 945472,
  },
  Object {
    "dividends": 788687,
    "grossIncome": 180449,
    "netIncome": 156147,
    "salaryAboveSevenG": false,
    "salaryBasis": 232700,
    "surplus": 1480000,
    "total": 944834,
  },
  Object {
    "dividends": 794016,
    "grossIncome": 172780,
    "netIncome": 150148,
    "salaryAboveSevenG": false,
    "salaryBasis": 222700,
    "surplus": 1490000,
    "total": 944164,
  },
  Object {
    "dividends": 799344,
    "grossIncome": 165112,
    "netIncome": 144036,
    "salaryAboveSevenG": false,
    "salaryBasis": 212700,
    "surplus": 1500000,
    "total": 943380,
  },
  Object {
    "dividends": 804673,
    "grossIncome": 157443,
    "netIncome": 137924,
    "salaryAboveSevenG": false,
    "salaryBasis": 202700,
    "surplus": 1510000,
    "total": 942597,
  },
  Object {
    "dividends": 810002,
    "grossIncome": 149774,
    "netIncome": 131812,
    "salaryAboveSevenG": false,
    "salaryBasis": 192700,
    "surplus": 1520000,
    "total": 941814,
  },
  Object {
    "dividends": 815331,
    "grossIncome": 142105,
    "netIncome": 125700,
    "salaryAboveSevenG": false,
    "salaryBasis": 182700,
    "surplus": 1530000,
    "total": 941031,
  },
  Object {
    "dividends": 820660,
    "grossIncome": 134437,
    "netIncome": 119588,
    "salaryAboveSevenG": false,
    "salaryBasis": 172700,
    "surplus": 1540000,
    "total": 940248,
  },
  Object {
    "dividends": 825989,
    "grossIncome": 126768,
    "netIncome": 113476,
    "salaryAboveSevenG": false,
    "salaryBasis": 162700,
    "surplus": 1550000,
    "total": 939465,
  },
  Object {
    "dividends": 831318,
    "grossIncome": 119100,
    "netIncome": 107364,
    "salaryAboveSevenG": false,
    "salaryBasis": 152700,
    "surplus": 1560000,
    "total": 938682,
  },
  Object {
    "dividends": 836647,
    "grossIncome": 111431,
    "netIncome": 101252,
    "salaryAboveSevenG": false,
    "salaryBasis": 142700,
    "surplus": 1570000,
    "total": 937899,
  },
  Object {
    "dividends": 841976,
    "grossIncome": 103763,
    "netIncome": 95141,
    "salaryAboveSevenG": false,
    "salaryBasis": 132700,
    "surplus": 1580000,
    "total": 937117,
  },
  Object {
    "dividends": 847305,
    "grossIncome": 96017,
    "netIncome": 88967,
    "salaryAboveSevenG": false,
    "salaryBasis": 122700,
    "surplus": 1590000,
    "total": 936272,
  },
  Object {
    "dividends": 852634,
    "grossIncome": 88192,
    "netIncome": 82731,
    "salaryAboveSevenG": false,
    "salaryBasis": 112700,
    "surplus": 1600000,
    "total": 935365,
  },
  Object {
    "dividends": 857963,
    "grossIncome": 80366,
    "netIncome": 76493,
    "salaryAboveSevenG": false,
    "salaryBasis": 102700,
    "surplus": 1610000,
    "total": 934456,
  },
  Object {
    "dividends": 863292,
    "grossIncome": 72541,
    "netIncome": 70257,
    "salaryAboveSevenG": false,
    "salaryBasis": 92700,
    "surplus": 1620000,
    "total": 933549,
  },
  Object {
    "dividends": 868621,
    "grossIncome": 64716,
    "netIncome": 64021,
    "salaryAboveSevenG": false,
    "salaryBasis": 82700,
    "surplus": 1630000,
    "total": 932642,
  },
  Object {
    "dividends": 873950,
    "grossIncome": 56891,
    "netIncome": 57783,
    "salaryAboveSevenG": false,
    "salaryBasis": 72700,
    "surplus": 1640000,
    "total": 931733,
  },
  Object {
    "dividends": 879279,
    "grossIncome": 49065,
    "netIncome": 51547,
    "salaryAboveSevenG": false,
    "salaryBasis": 62700,
    "surplus": 1650000,
    "total": 930826,
  },
  Object {
    "dividends": 884608,
    "grossIncome": 41240,
    "netIncome": 45310,
    "salaryAboveSevenG": false,
    "salaryBasis": 52700,
    "surplus": 1660000,
    "total": 929918,
  },
  Object {
    "dividends": 889937,
    "grossIncome": 33415,
    "netIncome": 39073,
    "salaryAboveSevenG": false,
    "salaryBasis": 42700,
    "surplus": 1670000,
    "total": 929010,
  },
  Object {
    "dividends": 895266,
    "grossIncome": 25590,
    "netIncome": 32837,
    "salaryAboveSevenG": false,
    "salaryBasis": 32700,
    "surplus": 1680000,
    "total": 928103,
  },
  Object {
    "dividends": 900595,
    "grossIncome": 17764,
    "netIncome": 26600,
    "salaryAboveSevenG": false,
    "salaryBasis": 22700,
    "surplus": 1690000,
    "total": 927195,
  },
  Object {
    "dividends": 905924,
    "grossIncome": 9939,
    "netIncome": 20364,
    "salaryAboveSevenG": false,
    "salaryBasis": 12700,
    "surplus": 1700000,
    "total": 926288,
  },
]
`;
