// Jest Snapshot v1, https://goo.gl/fbAQLP

exports[`optimal-surplus should return calculations for a range of different surplus 1`] = `
Array [
  Object {
    "dividends": 0,
    "grossIncome": 1318912,
    "netIncome": 816923,
    "salaryAboveSevenG": true,
    "salaryBasis": 1712700,
    "surplus": 0,
    "total": 816923,
  },
  Object {
    "dividends": 5345,
    "grossIncome": 1311087,
    "netIncome": 812744,
    "salaryAboveSevenG": true,
    "salaryBasis": 1702700,
    "surplus": 10000,
    "total": 818089,
  },
  Object {
    "dividends": 10690,
    "grossIncome": 1303262,
    "netIncome": 808566,
    "salaryAboveSevenG": true,
    "salaryBasis": 1692700,
    "surplus": 20000,
    "total": 819256,
  },
  Object {
    "dividends": 16034,
    "grossIncome": 1295437,
    "netIncome": 804387,
    "salaryAboveSevenG": true,
    "salaryBasis": 1682700,
    "surplus": 30000,
    "total": 820421,
  },
  Object {
    "dividends": 21379,
    "grossIncome": 1287612,
    "netIncome": 800208,
    "salaryAboveSevenG": true,
    "salaryBasis": 1672700,
    "surplus": 40000,
    "total": 821587,
  },
  Object {
    "dividends": 26723,
    "grossIncome": 1279787,
    "netIncome": 796030,
    "salaryAboveSevenG": true,
    "salaryBasis": 1662700,
    "surplus": 50000,
    "total": 822753,
  },
  Object {
    "dividends": 32068,
    "grossIncome": 1271962,
    "netIncome": 791852,
    "salaryAboveSevenG": true,
    "salaryBasis": 1652700,
    "surplus": 60000,
    "total": 823920,
  },
  Object {
    "dividends": 37412,
    "grossIncome": 1264137,
    "netIncome": 787672,
    "salaryAboveSevenG": true,
    "salaryBasis": 1642700,
    "surplus": 70000,
    "total": 825084,
  },
  Object {
    "dividends": 42757,
    "grossIncome": 1256311,
    "netIncome": 783493,
    "salaryAboveSevenG": true,
    "salaryBasis": 1632700,
    "surplus": 80000,
    "total": 826250,
  },
  Object {
    "dividends": 48102,
    "grossIncome": 1248486,
    "netIncome": 779315,
    "salaryAboveSevenG": true,
    "salaryBasis": 1622700,
    "surplus": 90000,
    "total": 827417,
  },
  Object {
    "dividends": 53446,
    "grossIncome": 1240661,
    "netIncome": 775136,
    "salaryAboveSevenG": true,
    "salaryBasis": 1612700,
    "surplus": 100000,
    "total": 828582,
  },
  Object {
    "dividends": 58791,
    "grossIncome": 1232836,
    "netIncome": 770958,
    "salaryAboveSevenG": true,
    "salaryBasis": 1602700,
    "surplus": 110000,
    "total": 829749,
  },
  Object {
    "dividends": 64135,
    "grossIncome": 1225010,
    "netIncome": 766779,
    "salaryAboveSevenG": true,
    "salaryBasis": 1592700,
    "surplus": 120000,
    "total": 830914,
  },
  Object {
    "dividends": 69480,
    "grossIncome": 1217185,
    "netIncome": 762600,
    "salaryAboveSevenG": true,
    "salaryBasis": 1582700,
    "surplus": 130000,
    "total": 832080,
  },
  Object {
    "dividends": 74824,
    "grossIncome": 1209360,
    "netIncome": 758422,
    "salaryAboveSevenG": true,
    "salaryBasis": 1572700,
    "surplus": 140000,
    "total": 833246,
  },
  Object {
    "dividends": 80169,
    "grossIncome": 1201535,
    "netIncome": 754244,
    "salaryAboveSevenG": true,
    "salaryBasis": 1562700,
    "surplus": 150000,
    "total": 834413,
  },
  Object {
    "dividends": 85514,
    "grossIncome": 1193709,
    "netIncome": 750064,
    "salaryAboveSevenG": true,
    "salaryBasis": 1552700,
    "surplus": 160000,
    "total": 835578,
  },
  Object {
    "dividends": 90858,
    "grossIncome": 1185884,
    "netIncome": 745885,
    "salaryAboveSevenG": true,
    "salaryBasis": 1542700,
    "surplus": 170000,
    "total": 836743,
  },
  Object {
    "dividends": 96203,
    "grossIncome": 1178059,
    "netIncome": 741707,
    "salaryAboveSevenG": true,
    "salaryBasis": 1532700,
    "surplus": 180000,
    "total": 837910,
  },
  Object {
    "dividends": 101547,
    "grossIncome": 1170234,
    "netIncome": 737528,
    "salaryAboveSevenG": true,
    "salaryBasis": 1522700,
    "surplus": 190000,
    "total": 839075,
  },
  Object {
    "dividends": 106892,
    "grossIncome": 1162408,
    "netIncome": 733349,
    "salaryAboveSevenG": true,
    "salaryBasis": 1512700,
    "surplus": 200000,
    "total": 840241,
  },
  Object {
    "dividends": 112236,
    "grossIncome": 1154583,
    "netIncome": 729171,
    "salaryAboveSevenG": true,
    "salaryBasis": 1502700,
    "surplus": 210000,
    "total": 841407,
  },
  Object {
    "dividends": 117581,
    "grossIncome": 1146758,
    "netIncome": 724991,
    "salaryAboveSevenG": true,
    "salaryBasis": 1492700,
    "surplus": 220000,
    "total": 842572,
  },
  Object {
    "dividends": 122926,
    "grossIncome": 1138980,
    "netIncome": 720838,
    "salaryAboveSevenG": true,
    "salaryBasis": 1482700,
    "surplus": 230000,
    "total": 843764,
  },
  Object {
    "dividends": 128270,
    "grossIncome": 1131310,
    "netIncome": 716742,
    "salaryAboveSevenG": true,
    "salaryBasis": 1472700,
    "surplus": 240000,
    "total": 845012,
  },
  Object {
    "dividends": 133615,
    "grossIncome": 1123642,
    "netIncome": 712648,
    "salaryAboveSevenG": true,
    "salaryBasis": 1462700,
    "surplus": 250000,
    "total": 846263,
  },
  Object {
    "dividends": 138959,
    "grossIncome": 1115973,
    "netIncome": 708553,
    "salaryAboveSevenG": true,
    "salaryBasis": 1452700,
    "surplus": 260000,
    "total": 847512,
  },
  Object {
    "dividends": 144304,
    "grossIncome": 1108305,
    "netIncome": 704458,
    "salaryAboveSevenG": true,
    "salaryBasis": 1442700,
    "surplus": 270000,
    "total": 848762,
  },
  Object {
    "dividends": 149648,
    "grossIncome": 1100635,
    "netIncome": 700362,
    "salaryAboveSevenG": true,
    "salaryBasis": 1432700,
    "surplus": 280000,
    "total": 850010,
  },
  Object {
    "dividends": 154993,
    "grossIncome": 1092967,
    "netIncome": 696267,
    "salaryAboveSevenG": true,
    "salaryBasis": 1422700,
    "surplus": 290000,
    "total": 851260,
  },
  Object {
    "dividends": 160338,
    "grossIncome": 1085298,
    "netIncome": 692172,
    "salaryAboveSevenG": true,
    "salaryBasis": 1412700,
    "surplus": 300000,
    "total": 852510,
  },
  Object {
    "dividends": 165682,
    "grossIncome": 1077630,
    "netIncome": 688078,
    "salaryAboveSevenG": true,
    "salaryBasis": 1402700,
    "surplus": 310000,
    "total": 853760,
  },
  Object {
    "dividends": 171027,
    "grossIncome": 1069961,
    "netIncome": 683983,
    "salaryAboveSevenG": true,
    "salaryBasis": 1392700,
    "surplus": 320000,
    "total": 855010,
  },
  Object {
    "dividends": 176371,
    "grossIncome": 1062292,
    "netIncome": 679888,
    "salaryAboveSevenG": true,
    "salaryBasis": 1382700,
    "surplus": 330000,
    "total": 856259,
  },
  Object {
    "dividends": 181716,
    "grossIncome": 1054624,
    "netIncome": 675792,
    "salaryAboveSevenG": true,
    "salaryBasis": 1372700,
    "surplus": 340000,
    "total": 857508,
  },
  Object {
    "dividends": 187060,
    "grossIncome": 1046955,
    "netIncome": 671697,
    "salaryAboveSevenG": true,
    "salaryBasis": 1362700,
    "surplus": 350000,
    "total": 858757,
  },
  Object {
    "dividends": 192405,
    "grossIncome": 1039287,
    "netIncome": 667603,
    "salaryAboveSevenG": true,
    "salaryBasis": 1352700,
    "surplus": 360000,
    "total": 860008,
  },
  Object {
    "dividends": 197750,
    "grossIncome": 1031617,
    "netIncome": 663507,
    "salaryAboveSevenG": true,
    "salaryBasis": 1342700,
    "surplus": 370000,
    "total": 861257,
  },
  Object {
    "dividends": 203094,
    "grossIncome": 1023949,
    "netIncome": 659413,
    "salaryAboveSevenG": true,
    "salaryBasis": 1332700,
    "surplus": 380000,
    "total": 862507,
  },
  Object {
    "dividends": 208439,
    "grossIncome": 1016280,
    "netIncome": 655317,
    "salaryAboveSevenG": true,
    "salaryBasis": 1322700,
    "surplus": 390000,
    "total": 863756,
  },
  Object {
    "dividends": 213783,
    "grossIncome": 1008612,
    "netIncome": 651222,
    "salaryAboveSevenG": true,
    "salaryBasis": 1312700,
    "surplus": 400000,
    "total": 865005,
  },
  Object {
    "dividends": 219128,
    "grossIncome": 1000943,
    "netIncome": 647127,
    "salaryAboveSevenG": true,
    "salaryBasis": 1302700,
    "surplus": 410000,
    "total": 866255,
  },
  Object {
    "dividends": 224472,
    "grossIncome": 993275,
    "netIncome": 643033,
    "salaryAboveSevenG": true,
    "salaryBasis": 1292700,
    "surplus": 420000,
    "total": 867505,
  },
  Object {
    "dividends": 229817,
    "grossIncome": 985606,
    "netIncome": 638937,
    "salaryAboveSevenG": true,
    "salaryBasis": 1282700,
    "surplus": 430000,
    "total": 868754,
  },
  Object {
    "dividends": 235162,
    "grossIncome": 977938,
    "netIncome": 634843,
    "salaryAboveSevenG": true,
    "salaryBasis": 1272700,
    "surplus": 440000,
    "total": 870005,
  },
  Object {
    "dividends": 240506,
    "grossIncome": 970268,
    "netIncome": 630747,
    "salaryAboveSevenG": true,
    "salaryBasis": 1262700,
    "surplus": 450000,
    "total": 871253,
  },
  Object {
    "dividends": 245851,
    "grossIncome": 962600,
    "netIncome": 626652,
    "salaryAboveSevenG": true,
    "salaryBasis": 1252700,
    "surplus": 460000,
    "total": 872503,
  },
  Object {
    "dividends": 251195,
    "grossIncome": 954931,
    "netIncome": 622343,
    "salaryAboveSevenG": true,
    "salaryBasis": 1242700,
    "surplus": 470000,
    "total": 873538,
  },
  Object {
    "dividends": 256540,
    "grossIncome": 947263,
    "netIncome": 618018,
    "salaryAboveSevenG": true,
    "salaryBasis": 1232700,
    "surplus": 480000,
    "total": 874558,
  },
  Object {
    "dividends": 261884,
    "grossIncome": 939593,
    "netIncome": 613692,
    "salaryAboveSevenG": true,
    "salaryBasis": 1222700,
    "surplus": 490000,
    "total": 875576,
  },
  Object {
    "dividends": 267229,
    "grossIncome": 931925,
    "netIncome": 609368,
    "salaryAboveSevenG": true,
    "salaryBasis": 1212700,
    "surplus": 500000,
    "total": 876597,
  },
  Object {
    "dividends": 272574,
    "grossIncome": 924256,
    "netIncome": 605043,
    "salaryAboveSevenG": true,
    "salaryBasis": 1202700,
    "surplus": 510000,
    "total": 877617,
  },
  Object {
    "dividends": 277918,
    "grossIncome": 916588,
    "netIncome": 600718,
    "salaryAboveSevenG": true,
    "salaryBasis": 1192700,
    "surplus": 520000,
    "total": 878636,
  },
  Object {
    "dividends": 283263,
    "grossIncome": 908918,
    "netIncome": 596392,
    "salaryAboveSevenG": true,
    "salaryBasis": 1182700,
    "surplus": 530000,
    "total": 879655,
  },
  Object {
    "dividends": 288607,
    "grossIncome": 901250,
    "netIncome": 592067,
    "salaryAboveSevenG": true,
    "salaryBasis": 1172700,
    "surplus": 540000,
    "total": 880674,
  },
  Object {
    "dividends": 293952,
    "grossIncome": 893581,
    "netIncome": 587742,
    "salaryAboveSevenG": true,
    "salaryBasis": 1162700,
    "surplus": 550000,
    "total": 881694,
  },
  Object {
    "dividends": 299296,
    "grossIncome": 885913,
    "netIncome": 583417,
    "salaryAboveSevenG": true,
    "salaryBasis": 1152700,
    "surplus": 560000,
    "total": 882713,
  },
  Object {
    "dividends": 304641,
    "grossIncome": 878243,
    "netIncome": 579092,
    "salaryAboveSevenG": true,
    "salaryBasis": 1142700,
    "surplus": 570000,
    "total": 883733,
  },
  Object {
    "dividends": 309986,
    "grossIncome": 870575,
    "netIncome": 574766,
    "salaryAboveSevenG": true,
    "salaryBasis": 1132700,
    "surplus": 580000,
    "total": 884752,
  },
  Object {
    "dividends": 315330,
    "grossIncome": 862906,
    "netIncome": 570440,
    "salaryAboveSevenG": true,
    "salaryBasis": 1122700,
    "surplus": 590000,
    "total": 885770,
  },
  Object {
    "dividends": 320675,
    "grossIncome": 855238,
    "netIncome": 566116,
    "salaryAboveSevenG": true,
    "salaryBasis": 1112700,
    "surplus": 600000,
    "total": 886791,
  },
  Object {
    "dividends": 326019,
    "grossIncome": 847568,
    "netIncome": 561790,
    "salaryAboveSevenG": true,
    "salaryBasis": 1102700,
    "surplus": 610000,
    "total": 887809,
  },
  Object {
    "dividends": 331364,
    "grossIncome": 839900,
    "netIncome": 557466,
    "salaryAboveSevenG": true,
    "salaryBasis": 1092700,
    "surplus": 620000,
    "total": 888830,
  },
  Object {
    "dividends": 336708,
    "grossIncome": 832231,
    "netIncome": 553141,
    "salaryAboveSevenG": true,
    "salaryBasis": 1082700,
    "surplus": 630000,
    "total": 889849,
  },
  Object {
    "dividends": 342053,
    "grossIncome": 824563,
    "netIncome": 548815,
    "salaryAboveSevenG": true,
    "salaryBasis": 1072700,
    "surplus": 640000,
    "total": 890868,
  },
  Object {
    "dividends": 347398,
    "grossIncome": 816893,
    "netIncome": 544489,
    "salaryAboveSevenG": true,
    "salaryBasis": 1062700,
    "surplus": 650000,
    "total": 891887,
  },
  Object {
    "dividends": 352742,
    "grossIncome": 809225,
    "netIncome": 540165,
    "salaryAboveSevenG": true,
    "salaryBasis": 1052700,
    "surplus": 660000,
    "total": 892907,
  },
  Object {
    "dividends": 358087,
    "grossIncome": 801556,
    "netIncome": 535840,
    "salaryAboveSevenG": true,
    "salaryBasis": 1042700,
    "surplus": 670000,
    "total": 893927,
  },
  Object {
    "dividends": 363431,
    "grossIncome": 793888,
    "netIncome": 531516,
    "salaryAboveSevenG": true,
    "salaryBasis": 1032700,
    "surplus": 680000,
    "total": 894947,
  },
  Object {
    "dividends": 368776,
    "grossIncome": 786219,
    "netIncome": 527190,
    "salaryAboveSevenG": true,
    "salaryBasis": 1022700,
    "surplus": 690000,
    "total": 895966,
  },
  Object {
    "dividends": 374120,
    "grossIncome": 778550,
    "netIncome": 522863,
    "salaryAboveSevenG": true,
    "salaryBasis": 1012700,
    "surplus": 700000,
    "total": 896983,
  },
  Object {
    "dividends": 379465,
    "grossIncome": 770881,
    "netIncome": 518538,
    "salaryAboveSevenG": true,
    "salaryBasis": 1002700,
    "surplus": 710000,
    "total": 898003,
  },
  Object {
    "dividends": 384810,
    "grossIncome": 763213,
    "netIncome": 514214,
    "salaryAboveSevenG": true,
    "salaryBasis": 992700,
    "surplus": 720000,
    "total": 899024,
  },
  Object {
    "dividends": 390154,
    "grossIncome": 755544,
    "netIncome": 509889,
    "salaryAboveSevenG": true,
    "salaryBasis": 982700,
    "surplus": 730000,
    "total": 900043,
  },
  Object {
    "dividends": 395499,
    "grossIncome": 747875,
    "netIncome": 505564,
    "salaryAboveSevenG": true,
    "salaryBasis": 972700,
    "surplus": 740000,
    "total": 901063,
  },
  Object {
    "dividends": 400843,
    "grossIncome": 740206,
    "netIncome": 501238,
    "salaryAboveSevenG": true,
    "salaryBasis": 962700,
    "surplus": 750000,
    "total": 902081,
  },
  Object {
    "dividends": 406188,
    "grossIncome": 732538,
    "netIncome": 496913,
    "salaryAboveSevenG": true,
    "salaryBasis": 952700,
    "surplus": 760000,
    "total": 903101,
  },
  Object {
    "dividends": 411532,
    "grossIncome": 724869,
    "netIncome": 492588,
    "salaryAboveSevenG": true,
    "salaryBasis": 942700,
    "surplus": 770000,
    "total": 904120,
  },
  Object {
    "dividends": 416877,
    "grossIncome": 717201,
    "netIncome": 488264,
    "salaryAboveSevenG": true,
    "salaryBasis": 932700,
    "surplus": 780000,
    "total": 905141,
  },
  Object {
    "dividends": 422222,
    "grossIncome": 709532,
    "netIncome": 483938,
    "salaryAboveSevenG": true,
    "salaryBasis": 922700,
    "surplus": 790000,
    "total": 906160,
  },
  Object {
    "dividends": 427566,
    "grossIncome": 701864,
    "netIncome": 479614,
    "salaryAboveSevenG": true,
    "salaryBasis": 912700,
    "surplus": 800000,
    "total": 907180,
  },
  Object {
    "dividends": 432911,
    "grossIncome": 694195,
    "netIncome": 475289,
    "salaryAboveSevenG": true,
    "salaryBasis": 902700,
    "surplus": 810000,
    "total": 908200,
  },
  Object {
    "dividends": 438255,
    "grossIncome": 686526,
    "netIncome": 470962,
    "salaryAboveSevenG": false,
    "salaryBasis": 892700,
    "surplus": 820000,
    "total": 909217,
  },
  Object {
    "dividends": 443600,
    "grossIncome": 678857,
    "netIncome": 466637,
    "salaryAboveSevenG": false,
    "salaryBasis": 882700,
    "surplus": 830000,
    "total": 910237,
  },
  Object {
    "dividends": 448944,
    "grossIncome": 671188,
    "netIncome": 462312,
    "salaryAboveSevenG": false,
    "salaryBasis": 872700,
    "surplus": 840000,
    "total": 911256,
  },
  Object {
    "dividends": 454289,
    "grossIncome": 663519,
    "netIncome": 457986,
    "salaryAboveSevenG": false,
    "salaryBasis": 862700,
    "surplus": 850000,
    "total": 912275,
  },
  Object {
    "dividends": 459634,
    "grossIncome": 655850,
    "netIncome": 453661,
    "salaryAboveSevenG": false,
    "salaryBasis": 852700,
    "surplus": 860000,
    "total": 913295,
  },
  Object {
    "dividends": 464978,
    "grossIncome": 648182,
    "netIncome": 449337,
    "salaryAboveSevenG": false,
    "salaryBasis": 842700,
    "surplus": 870000,
    "total": 914315,
  },
  Object {
    "dividends": 470323,
    "grossIncome": 640513,
    "netIncome": 445011,
    "salaryAboveSevenG": false,
    "salaryBasis": 832700,
    "surplus": 880000,
    "total": 915334,
  },
  Object {
    "dividends": 475667,
    "grossIncome": 632845,
    "netIncome": 440686,
    "salaryAboveSevenG": false,
    "salaryBasis": 822700,
    "surplus": 890000,
    "total": 916353,
  },
  Object {
    "dividends": 481012,
    "grossIncome": 625175,
    "netIncome": 436361,
    "salaryAboveSevenG": false,
    "salaryBasis": 812700,
    "surplus": 900000,
    "total": 917373,
  },
  Object {
    "dividends": 486356,
    "grossIncome": 617507,
    "netIncome": 432036,
    "salaryAboveSevenG": false,
    "salaryBasis": 802700,
    "surplus": 910000,
    "total": 918392,
  },
  Object {
    "dividends": 491701,
    "grossIncome": 609838,
    "netIncome": 427711,
    "salaryAboveSevenG": false,
    "salaryBasis": 792700,
    "surplus": 920000,
    "total": 919412,
  },
  Object {
    "dividends": 497046,
    "grossIncome": 602170,
    "netIncome": 423387,
    "salaryAboveSevenG": false,
    "salaryBasis": 782700,
    "surplus": 930000,
    "total": 920433,
  },
  Object {
    "dividends": 502390,
    "grossIncome": 594500,
    "netIncome": 418736,
    "salaryAboveSevenG": false,
    "salaryBasis": 772700,
    "surplus": 940000,
    "total": 921126,
  },
  Object {
    "dividends": 507735,
    "grossIncome": 586832,
    "netIncome": 413713,
    "salaryAboveSevenG": false,
    "salaryBasis": 762700,
    "surplus": 950000,
    "total": 921448,
  },
  Object {
    "dividends": 513079,
    "grossIncome": 579163,
    "netIncome": 408690,
    "salaryAboveSevenG": false,
    "salaryBasis": 752700,
    "surplus": 960000,
    "total": 921769,
  },
  Object {
    "dividends": 518424,
    "grossIncome": 571495,
    "netIncome": 403668,
    "salaryAboveSevenG": false,
    "salaryBasis": 742700,
    "surplus": 970000,
    "total": 922092,
  },
  Object {
    "dividends": 523768,
    "grossIncome": 563826,
    "netIncome": 398645,
    "salaryAboveSevenG": false,
    "salaryBasis": 732700,
    "surplus": 980000,
    "total": 922413,
  },
  Object {
    "dividends": 529113,
    "grossIncome": 556157,
    "netIncome": 393622,
    "salaryAboveSevenG": false,
    "salaryBasis": 722700,
    "surplus": 990000,
    "total": 922735,
  },
  Object {
    "dividends": 534457,
    "grossIncome": 548488,
    "netIncome": 388598,
    "salaryAboveSevenG": false,
    "salaryBasis": 712700,
    "surplus": 1000000,
    "total": 923055,
  },
  Object {
    "dividends": 539802,
    "grossIncome": 540820,
    "netIncome": 383575,
    "salaryAboveSevenG": false,
    "salaryBasis": 702700,
    "surplus": 1010000,
    "total": 923377,
  },
  Object {
    "dividends": 545147,
    "grossIncome": 533151,
    "netIncome": 378552,
    "salaryAboveSevenG": false,
    "salaryBasis": 692700,
    "surplus": 1020000,
    "total": 923699,
  },
  Object {
    "dividends": 550491,
    "grossIncome": 525482,
    "netIncome": 373529,
    "salaryAboveSevenG": false,
    "salaryBasis": 682700,
    "surplus": 1030000,
    "total": 924020,
  },
  Object {
    "dividends": 555836,
    "grossIncome": 517813,
    "netIncome": 368506,
    "salaryAboveSevenG": false,
    "salaryBasis": 672700,
    "surplus": 1040000,
    "total": 924342,
  },
  Object {
    "dividends": 561180,
    "grossIncome": 510145,
    "netIncome": 363483,
    "salaryAboveSevenG": false,
    "salaryBasis": 662700,
    "surplus": 1050000,
    "total": 924663,
  },
  Object {
    "dividends": 566525,
    "grossIncome": 502476,
    "netIncome": 358459,
    "salaryAboveSevenG": false,
    "salaryBasis": 652700,
    "surplus": 1060000,
    "total": 924984,
  },
  Object {
    "dividends": 571869,
    "grossIncome": 494807,
    "netIncome": 353437,
    "salaryAboveSevenG": false,
    "salaryBasis": 642700,
    "surplus": 1070000,
    "total": 925306,
  },
  Object {
    "dividends": 577214,
    "grossIncome": 487138,
    "netIncome": 348414,
    "salaryAboveSevenG": false,
    "salaryBasis": 632700,
    "surplus": 1080000,
    "total": 925628,
  },
  Object {
    "dividends": 582559,
    "grossIncome": 479470,
    "netIncome": 343392,
    "salaryAboveSevenG": false,
    "salaryBasis": 622700,
    "surplus": 1090000,
    "total": 925951,
  },
  Object {
    "dividends": 587903,
    "grossIncome": 471801,
    "netIncome": 338369,
    "salaryAboveSevenG": false,
    "salaryBasis": 612700,
    "surplus": 1100000,
    "total": 926272,
  },
  Object {
    "dividends": 593248,
    "grossIncome": 464132,
    "netIncome": 333345,
    "salaryAboveSevenG": false,
    "salaryBasis": 602700,
    "surplus": 1110000,
    "total": 926593,
  },
  Object {
    "dividends": 598592,
    "grossIncome": 456463,
    "netIncome": 328322,
    "salaryAboveSevenG": false,
    "salaryBasis": 592700,
    "surplus": 1120000,
    "total": 926914,
  },
  Object {
    "dividends": 603937,
    "grossIncome": 448795,
    "netIncome": 323299,
    "salaryAboveSevenG": false,
    "salaryBasis": 582700,
    "surplus": 1130000,
    "total": 927236,
  },
  Object {
    "dividends": 609281,
    "grossIncome": 441126,
    "netIncome": 318276,
    "salaryAboveSevenG": false,
    "salaryBasis": 572700,
    "surplus": 1140000,
    "total": 927557,
  },
  Object {
    "dividends": 614626,
    "grossIncome": 433457,
    "netIncome": 313253,
    "salaryAboveSevenG": false,
    "salaryBasis": 562700,
    "surplus": 1150000,
    "total": 927879,
  },
  Object {
    "dividends": 619971,
    "grossIncome": 425788,
    "netIncome": 308230,
    "salaryAboveSevenG": false,
    "salaryBasis": 552700,
    "surplus": 1160000,
    "total": 928201,
  },
  Object {
    "dividends": 625315,
    "grossIncome": 418120,
    "netIncome": 303207,
    "salaryAboveSevenG": false,
    "salaryBasis": 542700,
    "surplus": 1170000,
    "total": 928522,
  },
  Object {
    "dividends": 630660,
    "grossIncome": 410451,
    "netIncome": 298184,
    "salaryAboveSevenG": false,
    "salaryBasis": 532700,
    "surplus": 1180000,
    "total": 928844,
  },
  Object {
    "dividends": 636004,
    "grossIncome": 402783,
    "netIncome": 293161,
    "salaryAboveSevenG": false,
    "salaryBasis": 522700,
    "surplus": 1190000,
    "total": 929165,
  },
  Object {
    "dividends": 641349,
    "grossIncome": 395114,
    "netIncome": 288138,
    "salaryAboveSevenG": false,
    "salaryBasis": 512700,
    "surplus": 1200000,
    "total": 929487,
  },
  Object {
    "dividends": 646693,
    "grossIncome": 387446,
    "netIncome": 283115,
    "salaryAboveSevenG": false,
    "salaryBasis": 502700,
    "surplus": 1210000,
    "total": 929808,
  },
  Object {
    "dividends": 652038,
    "grossIncome": 379777,
    "netIncome": 278093,
    "salaryAboveSevenG": false,
    "salaryBasis": 492700,
    "surplus": 1220000,
    "total": 930131,
  },
  Object {
    "dividends": 657383,
    "grossIncome": 372108,
    "netIncome": 273070,
    "salaryAboveSevenG": false,
    "salaryBasis": 482700,
    "surplus": 1230000,
    "total": 930453,
  },
  Object {
    "dividends": 662727,
    "grossIncome": 364439,
    "netIncome": 268047,
    "salaryAboveSevenG": false,
    "salaryBasis": 472700,
    "surplus": 1240000,
    "total": 930774,
  },
  Object {
    "dividends": 668072,
    "grossIncome": 356771,
    "netIncome": 263023,
    "salaryAboveSevenG": false,
    "salaryBasis": 462700,
    "surplus": 1250000,
    "total": 931095,
  },
  Object {
    "dividends": 673416,
    "grossIncome": 349102,
    "netIncome": 258000,
    "salaryAboveSevenG": false,
    "salaryBasis": 452700,
    "surplus": 1260000,
    "total": 931416,
  },
  Object {
    "dividends": 678761,
    "grossIncome": 341433,
    "netIncome": 252977,
    "salaryAboveSevenG": false,
    "salaryBasis": 442700,
    "surplus": 1270000,
    "total": 931738,
  },
  Object {
    "dividends": 684105,
    "grossIncome": 333764,
    "netIncome": 247954,
    "salaryAboveSevenG": false,
    "salaryBasis": 432700,
    "surplus": 1280000,
    "total": 932059,
  },
  Object {
    "dividends": 689450,
    "grossIncome": 326096,
    "netIncome": 242932,
    "salaryAboveSevenG": false,
    "salaryBasis": 422700,
    "surplus": 1290000,
    "total": 932382,
  },
  Object {
    "dividends": 694795,
    "grossIncome": 318427,
    "netIncome": 237908,
    "salaryAboveSevenG": false,
    "salaryBasis": 412700,
    "surplus": 1300000,
    "total": 932703,
  },
  Object {
    "dividends": 700139,
    "grossIncome": 310759,
    "netIncome": 232885,
    "salaryAboveSevenG": false,
    "salaryBasis": 402700,
    "surplus": 1310000,
    "total": 933024,
  },
  Object {
    "dividends": 705484,
    "grossIncome": 303089,
    "netIncome": 227861,
    "salaryAboveSevenG": false,
    "salaryBasis": 392700,
    "surplus": 1320000,
    "total": 933345,
  },
  Object {
    "dividends": 710828,
    "grossIncome": 295421,
    "netIncome": 222839,
    "salaryAboveSevenG": false,
    "salaryBasis": 382700,
    "surplus": 1330000,
    "total": 933667,
  },
  Object {
    "dividends": 716173,
    "grossIncome": 287752,
    "netIncome": 217816,
    "salaryAboveSevenG": false,
    "salaryBasis": 372700,
    "surplus": 1340000,
    "total": 933989,
  },
  Object {
    "dividends": 721517,
    "grossIncome": 280084,
    "netIncome": 212793,
    "salaryAboveSevenG": false,
    "salaryBasis": 362700,
    "surplus": 1350000,
    "total": 934310,
  },
  Object {
    "dividends": 726862,
    "grossIncome": 272414,
    "netIncome": 207771,
    "salaryAboveSevenG": false,
    "salaryBasis": 352700,
    "surplus": 1360000,
    "total": 934633,
  },
  Object {
    "dividends": 732207,
    "grossIncome": 264746,
    "netIncome": 202747,
    "salaryAboveSevenG": false,
    "salaryBasis": 342700,
    "surplus": 1370000,
    "total": 934954,
  },
  Object {
    "dividends": 737551,
    "grossIncome": 257077,
    "netIncome": 197724,
    "salaryAboveSevenG": false,
    "salaryBasis": 332700,
    "surplus": 1380000,
    "total": 935275,
  },
  Object {
    "dividends": 742896,
    "grossIncome": 249409,
    "netIncome": 192702,
    "salaryAboveSevenG": false,
    "salaryBasis": 322700,
    "surplus": 1390000,
    "total": 935598,
  },
  Object {
    "dividends": 748240,
    "grossIncome": 241739,
    "netIncome": 187678,
    "salaryAboveSevenG": false,
    "salaryBasis": 312700,
    "surplus": 1400000,
    "total": 935918,
  },
  Object {
    "dividends": 753585,
    "grossIncome": 234071,
    "netIncome": 182582,
    "salaryAboveSevenG": false,
    "salaryBasis": 302700,
    "surplus": 1410000,
    "total": 936167,
  },
  Object {
    "dividends": 758929,
    "grossIncome": 226402,
    "netIncome": 177413,
    "salaryAboveSevenG": false,
    "salaryBasis": 292700,
    "surplus": 1420000,
    "total": 936342,
  },
  Object {
    "dividends": 764274,
    "grossIncome": 218734,
    "netIncome": 172244,
    "salaryAboveSevenG": false,
    "salaryBasis": 282700,
    "surplus": 1430000,
    "total": 936518,
  },
  Object {
    "dividends": 769619,
    "grossIncome": 211064,
    "netIncome": 166470,
    "salaryAboveSevenG": false,
    "salaryBasis": 272700,
    "surplus": 1440000,
    "total": 936089,
  },
  Object {
    "dividends": 774963,
    "grossIncome": 203396,
    "netIncome": 160508,
    "salaryAboveSevenG": false,
    "salaryBasis": 262700,
    "surplus": 1450000,
    "total": 935471,
  },
  Object {
    "dividends": 780308,
    "grossIncome": 195727,
    "netIncome": 154545,
    "salaryAboveSevenG": false,
    "salaryBasis": 252700,
    "surplus": 1460000,
    "total": 934853,
  },
  Object {
    "dividends": 785652,
    "grossIncome": 188059,
    "netIncome": 148584,
    "salaryAboveSevenG": false,
    "salaryBasis": 242700,
    "surplus": 1470000,
    "total": 934236,
  },
  Object {
    "dividends": 790997,
    "grossIncome": 180389,
    "netIncome": 142620,
    "salaryAboveSevenG": false,
    "salaryBasis": 232700,
    "surplus": 1480000,
    "total": 933617,
  },
  Object {
    "dividends": 796341,
    "grossIncome": 172721,
    "netIncome": 136657,
    "salaryAboveSevenG": false,
    "salaryBasis": 222700,
    "surplus": 1490000,
    "total": 932998,
  },
  Object {
    "dividends": 801686,
    "grossIncome": 165052,
    "netIncome": 130639,
    "salaryAboveSevenG": false,
    "salaryBasis": 212700,
    "surplus": 1500000,
    "total": 932325,
  },
  Object {
    "dividends": 807031,
    "grossIncome": 157384,
    "netIncome": 124570,
    "salaryAboveSevenG": false,
    "salaryBasis": 202700,
    "surplus": 1510000,
    "total": 931601,
  },
  Object {
    "dividends": 812375,
    "grossIncome": 149714,
    "netIncome": 118500,
    "salaryAboveSevenG": false,
    "salaryBasis": 192700,
    "surplus": 1520000,
    "total": 930875,
  },
  Object {
    "dividends": 817720,
    "grossIncome": 142046,
    "netIncome": 112431,
    "salaryAboveSevenG": false,
    "salaryBasis": 182700,
    "surplus": 1530000,
    "total": 930151,
  },
  Object {
    "dividends": 823064,
    "grossIncome": 134377,
    "netIncome": 106361,
    "salaryAboveSevenG": false,
    "salaryBasis": 172700,
    "surplus": 1540000,
    "total": 929425,
  },
  Object {
    "dividends": 828409,
    "grossIncome": 126709,
    "netIncome": 100291,
    "salaryAboveSevenG": false,
    "salaryBasis": 162700,
    "surplus": 1550000,
    "total": 928700,
  },
  Object {
    "dividends": 833753,
    "grossIncome": 119040,
    "netIncome": 94221,
    "salaryAboveSevenG": false,
    "salaryBasis": 152700,
    "surplus": 1560000,
    "total": 927974,
  },
  Object {
    "dividends": 839098,
    "grossIncome": 111372,
    "netIncome": 88152,
    "salaryAboveSevenG": false,
    "salaryBasis": 142700,
    "surplus": 1570000,
    "total": 927250,
  },
  Object {
    "dividends": 844443,
    "grossIncome": 103703,
    "netIncome": 82082,
    "salaryAboveSevenG": false,
    "salaryBasis": 132700,
    "surplus": 1580000,
    "total": 926525,
  },
  Object {
    "dividends": 849787,
    "grossIncome": 96017,
    "netIncome": 75998,
    "salaryAboveSevenG": false,
    "salaryBasis": 122700,
    "surplus": 1590000,
    "total": 925785,
  },
  Object {
    "dividends": 855132,
    "grossIncome": 88192,
    "netIncome": 69805,
    "salaryAboveSevenG": false,
    "salaryBasis": 112700,
    "surplus": 1600000,
    "total": 924937,
  },
  Object {
    "dividends": 860476,
    "grossIncome": 80366,
    "netIncome": 63610,
    "salaryAboveSevenG": false,
    "salaryBasis": 102700,
    "surplus": 1610000,
    "total": 924086,
  },
  Object {
    "dividends": 865821,
    "grossIncome": 72541,
    "netIncome": 57417,
    "salaryAboveSevenG": false,
    "salaryBasis": 92700,
    "surplus": 1620000,
    "total": 923238,
  },
  Object {
    "dividends": 871165,
    "grossIncome": 64716,
    "netIncome": 51224,
    "salaryAboveSevenG": false,
    "salaryBasis": 82700,
    "surplus": 1630000,
    "total": 922389,
  },
  Object {
    "dividends": 876510,
    "grossIncome": 56891,
    "netIncome": 45030,
    "salaryAboveSevenG": false,
    "salaryBasis": 72700,
    "surplus": 1640000,
    "total": 921540,
  },
  Object {
    "dividends": 881855,
    "grossIncome": 49065,
    "netIncome": 38836,
    "salaryAboveSevenG": false,
    "salaryBasis": 62700,
    "surplus": 1650000,
    "total": 920691,
  },
  Object {
    "dividends": 887199,
    "grossIncome": 41240,
    "netIncome": 32643,
    "salaryAboveSevenG": false,
    "salaryBasis": 52700,
    "surplus": 1660000,
    "total": 919842,
  },
  Object {
    "dividends": 892544,
    "grossIncome": 33415,
    "netIncome": 26448,
    "salaryAboveSevenG": false,
    "salaryBasis": 42700,
    "surplus": 1670000,
    "total": 918992,
  },
  Object {
    "dividends": 897888,
    "grossIncome": 25590,
    "netIncome": 20255,
    "salaryAboveSevenG": false,
    "salaryBasis": 32700,
    "surplus": 1680000,
    "total": 918143,
  },
  Object {
    "dividends": 903233,
    "grossIncome": 17764,
    "netIncome": 14061,
    "salaryAboveSevenG": false,
    "salaryBasis": 22700,
    "surplus": 1690000,
    "total": 917294,
  },
  Object {
    "dividends": 908577,
    "grossIncome": 9939,
    "netIncome": 7868,
    "salaryAboveSevenG": false,
    "salaryBasis": 12700,
    "surplus": 1700000,
    "total": 916445,
  },
]
`;
