// Jest Snapshot v1, https://goo.gl/fbAQLP

exports[`SalaryParametersComponent should render 1`] = `
<Section
  expanded={true}
  header="Parameters"
>
  <form
    onSubmit={[Function]}
  >
    <FormGroup
      header="Turnover"
    >
      <InputWithLabel
        label="Hours per year"
        name="hoursPerYear"
      />
      <InputWithLabel
        label="Hour rate"
        name="hourRate"
      />
    </FormGroup>
    <FormGroup
      header="Subcontractor"
    >
      <InputWithLabel
        label="Cut (%)"
        name="cut"
      />
    </FormGroup>
    <FormGroup
      header="Employer Fee"
    >
      <Checkbox
        label="Include in calculation"
        name="includeEmployerFee"
      />
      <InputWithLabel
        label="(%)"
        name="employerFeeRate"
      />
    </FormGroup>
    <FormGroup
      header="Vacation savings"
    >
      <Checkbox
        label="Include in calculation"
        name="includeVacationSavings"
      />
      <InputWithLabel
        label="(%)"
        name="vacationSavingsRate"
      />
    </FormGroup>
    <FormGroup
      header="Pension"
    >
      <Checkbox
        label="Include in calculation"
        name="includePension"
      />
      <InputWithLabel
        label="(%) (1G-6G)"
        name="pensionOneToSixRate"
      />
      <InputWithLabel
        label="(%) (6G-12G)"
        name="pensionSixToTwelveRate"
      />
    </FormGroup>
    <FormGroup
      header="Language"
    >
      <RadioGroup
        label="Language"
        name="locale"
      >
        <FormControlLabel
          control={<Radio />}
          label="English"
          value="en"
        />
        <FormControlLabel
          control={<Radio />}
          label="Norsk"
          value="nb"
        />
      </RadioGroup>
    </FormGroup>
    <Button
      disabled={false}
      type="submit"
    >
      Calculate salary
    </Button>
  </form>
</Section>
`;
