// Jest Snapshot v1, https://goo.gl/fbAQLP

exports[`SalaryCalculations should render 1`] = `
<Section
  header="Salary calculations"
>
  <Table>
    <TableBody>
      <TaxRow
        description="Turnover"
        sum="kr 141 414,00"
      />
      <TaxRow
        amount="kr 131 313,00"
        description="Subcontractor cut"
        minus={true}
        sum="kr 101 010,00"
      />
      <TaxRow
        amount="kr 111 111,00"
        description="Employer fee"
        minus={true}
        sum="kr 161 616,00"
      />
      <TaxRow
        amount="kr 151 515,00"
        description="Vacation savings"
        minus={true}
        sum="kr 181 818,00"
      />
      <TaxRow
        amount="kr 121 212,00"
        description="Pension"
        minus={true}
        sum="kr 171 717,00"
      />
      <TaxRow
        description="Income"
        sum="kr 171 717,00"
      />
    </TableBody>
  </Table>
</Section>
`;
