// Jest Snapshot v1, https://goo.gl/fbAQLP

exports[`Summary should render 1`] = `
<Section
  expanded={true}
  header="Summary"
>
  <Table>
    <TableBody>
      <TaxRow
        amount="$111,111.00"
        description="Turnover"
      />
      <TaxRow
        amount="$222,222.00"
        description="Income"
      />
      <TaxRow
        amount="$333,333.00"
        description="Common income"
      />
      <TaxRow
        amount="$666,666.00"
        description="Pension"
      />
      <TaxRow
        amount="$777,777.00"
        description="Vacation savings"
      />
      <TaxRow
        amount="$444,444.00"
        description="Total tax"
        minus={true}
      />
      <TaxRow
        amount="$555,555.00"
        description="After tax"
        total={true}
      />
    </TableBody>
  </Table>
</Section>
`;
