// Jest Snapshot v1, https://goo.gl/fbAQLP

exports[`requestCv should return action matching snapshot 1`] = `
Object {
  "cvId": "idCv",
  "name": undefined,
  "type": "REQUEST_CV",
  "userId": "idUser",
}
`;

exports[`requestUsers should return action matching snapshot 1`] = `
Object {
  "type": "REQUEST_USERS",
}
`;
